../Core/Src/main.c:93:5:main	168	static
../Core/Src/main.c:181:6:SystemClock_Config	88	static
../Core/Src/main.c:227:13:MX_ADC1_Init	24	static
../Core/Src/main.c:279:13:MX_ADC2_Init	24	static
../Core/Src/main.c:331:13:MX_ADC3_Init	24	static
../Core/Src/main.c:383:13:MX_ETH_Init	8	static
../Core/Src/main.c:432:13:MX_I2C2_Init	8	static
../Core/Src/main.c:480:13:MX_TIM2_Init	64	static
../Core/Src/main.c:539:13:MX_USART3_UART_Init	8	static
../Core/Src/main.c:572:13:MX_USB_OTG_FS_PCD_Init	8	static
../Core/Src/main.c:607:13:MX_GPIO_Init	64	static
../Core/Src/main.c:690:6:Error_Handler	4	static,ignoring_inline_asm
