Archive member included to satisfy reference by file (symbol)

C:/ST/STM32CubeIDE_1.13.2/STM32CubeIDE/plugins/com.st.stm32cube.ide.mcu.externaltools.gnu-tools-for-stm32.11.3.rel1.win32_1.1.1.202309131626/tools/bin/../lib/gcc/arm-none-eabi/11.3.1/../../../../arm-none-eabi/lib/thumb/v7e-m+fp/hard\libc_nano.a(libc_a-exit.o)
                              C:/ST/STM32CubeIDE_1.13.2/STM32CubeIDE/plugins/com.st.stm32cube.ide.mcu.externaltools.gnu-tools-for-stm32.11.3.rel1.win32_1.1.1.202309131626/tools/bin/../lib/gcc/arm-none-eabi/11.3.1/../../../../arm-none-eabi/lib/thumb/v7e-m+fp/hard/crt0.o (exit)
C:/ST/STM32CubeIDE_1.13.2/STM32CubeIDE/plugins/com.st.stm32cube.ide.mcu.externaltools.gnu-tools-for-stm32.11.3.rel1.win32_1.1.1.202309131626/tools/bin/../lib/gcc/arm-none-eabi/11.3.1/../../../../arm-none-eabi/lib/thumb/v7e-m+fp/hard\libc_nano.a(libc_a-findfp.o)
                              C:/ST/STM32CubeIDE_1.13.2/STM32CubeIDE/plugins/com.st.stm32cube.ide.mcu.externaltools.gnu-tools-for-stm32.11.3.rel1.win32_1.1.1.202309131626/tools/bin/../lib/gcc/arm-none-eabi/11.3.1/../../../../arm-none-eabi/lib/thumb/v7e-m+fp/hard\libc_nano.a(libc_a-exit.o) (__stdio_exit_handler)
C:/ST/STM32CubeIDE_1.13.2/STM32CubeIDE/plugins/com.st.stm32cube.ide.mcu.externaltools.gnu-tools-for-stm32.11.3.rel1.win32_1.1.1.202309131626/tools/bin/../lib/gcc/arm-none-eabi/11.3.1/../../../../arm-none-eabi/lib/thumb/v7e-m+fp/hard\libc_nano.a(libc_a-fwalk.o)
                              C:/ST/STM32CubeIDE_1.13.2/STM32CubeIDE/plugins/com.st.stm32cube.ide.mcu.externaltools.gnu-tools-for-stm32.11.3.rel1.win32_1.1.1.202309131626/tools/bin/../lib/gcc/arm-none-eabi/11.3.1/../../../../arm-none-eabi/lib/thumb/v7e-m+fp/hard\libc_nano.a(libc_a-findfp.o) (_fwalk_sglue)
C:/ST/STM32CubeIDE_1.13.2/STM32CubeIDE/plugins/com.st.stm32cube.ide.mcu.externaltools.gnu-tools-for-stm32.11.3.rel1.win32_1.1.1.202309131626/tools/bin/../lib/gcc/arm-none-eabi/11.3.1/../../../../arm-none-eabi/lib/thumb/v7e-m+fp/hard\libc_nano.a(libc_a-sprintf.o)
                              ./Core/Src/ldr.o (sprintf)
C:/ST/STM32CubeIDE_1.13.2/STM32CubeIDE/plugins/com.st.stm32cube.ide.mcu.externaltools.gnu-tools-for-stm32.11.3.rel1.win32_1.1.1.202309131626/tools/bin/../lib/gcc/arm-none-eabi/11.3.1/../../../../arm-none-eabi/lib/thumb/v7e-m+fp/hard\libc_nano.a(libc_a-stdio.o)
                              C:/ST/STM32CubeIDE_1.13.2/STM32CubeIDE/plugins/com.st.stm32cube.ide.mcu.externaltools.gnu-tools-for-stm32.11.3.rel1.win32_1.1.1.202309131626/tools/bin/../lib/gcc/arm-none-eabi/11.3.1/../../../../arm-none-eabi/lib/thumb/v7e-m+fp/hard\libc_nano.a(libc_a-findfp.o) (__sread)
C:/ST/STM32CubeIDE_1.13.2/STM32CubeIDE/plugins/com.st.stm32cube.ide.mcu.externaltools.gnu-tools-for-stm32.11.3.rel1.win32_1.1.1.202309131626/tools/bin/../lib/gcc/arm-none-eabi/11.3.1/../../../../arm-none-eabi/lib/thumb/v7e-m+fp/hard\libc_nano.a(libc_a-vsnprintf.o)
                              ./Core/Src/lcd.o (vsnprintf)
C:/ST/STM32CubeIDE_1.13.2/STM32CubeIDE/plugins/com.st.stm32cube.ide.mcu.externaltools.gnu-tools-for-stm32.11.3.rel1.win32_1.1.1.202309131626/tools/bin/../lib/gcc/arm-none-eabi/11.3.1/../../../../arm-none-eabi/lib/thumb/v7e-m+fp/hard\libc_nano.a(libc_a-memset.o)
                              C:/ST/STM32CubeIDE_1.13.2/STM32CubeIDE/plugins/com.st.stm32cube.ide.mcu.externaltools.gnu-tools-for-stm32.11.3.rel1.win32_1.1.1.202309131626/tools/bin/../lib/gcc/arm-none-eabi/11.3.1/../../../../arm-none-eabi/lib/thumb/v7e-m+fp/hard/crt0.o (memset)
C:/ST/STM32CubeIDE_1.13.2/STM32CubeIDE/plugins/com.st.stm32cube.ide.mcu.externaltools.gnu-tools-for-stm32.11.3.rel1.win32_1.1.1.202309131626/tools/bin/../lib/gcc/arm-none-eabi/11.3.1/../../../../arm-none-eabi/lib/thumb/v7e-m+fp/hard\libc_nano.a(libc_a-closer.o)
                              C:/ST/STM32CubeIDE_1.13.2/STM32CubeIDE/plugins/com.st.stm32cube.ide.mcu.externaltools.gnu-tools-for-stm32.11.3.rel1.win32_1.1.1.202309131626/tools/bin/../lib/gcc/arm-none-eabi/11.3.1/../../../../arm-none-eabi/lib/thumb/v7e-m+fp/hard\libc_nano.a(libc_a-stdio.o) (_close_r)
C:/ST/STM32CubeIDE_1.13.2/STM32CubeIDE/plugins/com.st.stm32cube.ide.mcu.externaltools.gnu-tools-for-stm32.11.3.rel1.win32_1.1.1.202309131626/tools/bin/../lib/gcc/arm-none-eabi/11.3.1/../../../../arm-none-eabi/lib/thumb/v7e-m+fp/hard\libc_nano.a(libc_a-reent.o)
                              C:/ST/STM32CubeIDE_1.13.2/STM32CubeIDE/plugins/com.st.stm32cube.ide.mcu.externaltools.gnu-tools-for-stm32.11.3.rel1.win32_1.1.1.202309131626/tools/bin/../lib/gcc/arm-none-eabi/11.3.1/../../../../arm-none-eabi/lib/thumb/v7e-m+fp/hard\libc_nano.a(libc_a-closer.o) (errno)
C:/ST/STM32CubeIDE_1.13.2/STM32CubeIDE/plugins/com.st.stm32cube.ide.mcu.externaltools.gnu-tools-for-stm32.11.3.rel1.win32_1.1.1.202309131626/tools/bin/../lib/gcc/arm-none-eabi/11.3.1/../../../../arm-none-eabi/lib/thumb/v7e-m+fp/hard\libc_nano.a(libc_a-impure.o)
[...]
Memory Configuration

Name             Origin             Length             Attributes
CCMRAM           0x0000000010000000 0x0000000000010000 xrw
RAM              0x0000000020000000 0x0000000000030000 xrw
FLASH            0x0000000008000000 0x0000000000200000 xr
*default*        0x0000000000000000 0xffffffffffffffff

Linker script and memory map

LOAD C:/ST/STM32CubeIDE_1.13.2/STM32CubeIDE/plugins/com.st.stm32cube.ide.mcu.externaltools.gnu-tools-for-stm32.11.3.rel1.win32_1.1.1.202309131626/tools/bin/../lib/gcc/arm-none-eabi/11.3.1/thumb/v7e-m+fp/hard/crti.o
LOAD C:/ST/STM32CubeIDE_1.13.2/STM32CubeIDE/plugins/com.st.stm32cube.ide.mcu.externaltools.gnu-tools-for-stm32.11.3.rel1.win32_1.1.1.202309131626/tools/bin/../lib/gcc/arm-none-eabi/11.3.1/thumb/v7e-m+fp/hard/crtbegin.o
LOAD C:/ST/STM32CubeIDE_1.13.2/STM32CubeIDE/plugins/com.st.stm32cube.ide.mcu.externaltools.gnu-tools-for-stm32.11.3.rel1.win32_1.1.1.202309131626/tools/bin/../lib/gcc/arm-none-eabi/11.3.1/../../../../arm-none-eabi/lib/thumb/v7e-m+fp/hard/crt0.o
LOAD ./Core/Src/lcd.o
LOAD ./Core/Src/ldr.o
LOAD ./Core/Src/main.o
LOAD ./Core/Src/servo.o
LOAD ./Core/Src/stm32f4xx_hal_msp.o
LOAD ./Core/Src/stm32f4xx_it.o
LOAD ./Core/Src/syscalls.o
LOAD ./Core/Src/sysmem.o
LOAD ./Core/Src/system_stm32f4xx.o
LOAD ./Core/Startup/startup_stm32f429zitx.o
LOAD ./Drivers/STM32F4xx_HAL_Driver/Src/stm32f4xx_hal.o
LOAD ./Drivers/STM32F4xx_HAL_Driver/Src/stm32f4xx_hal_adc.o
LOAD ./Drivers/STM32F4xx_HAL_Driver/Src/stm32f4xx_hal_adc_ex.o
LOAD ./Drivers/STM32F4xx_HAL_Driver/Src/stm32f4xx_hal_cortex.o
LOAD ./Drivers/STM32F4xx_HAL_Driver/Src/stm32f4xx_hal_dma.o
LOAD ./Drivers/STM32F4xx_HAL_Driver/Src/stm32f4xx_hal_dma_ex.o
LOAD ./Drivers/STM32F4xx_HAL_Driver/Src/stm32f4xx_hal_eth.o
LOAD ./Drivers/STM32F4xx_HAL_Driver/Src/stm32f4xx_hal_exti.o
LOAD ./Drivers/STM32F4xx_HAL_Driver/Src/stm32f4xx_hal_flash.o
LOAD ./Drivers/STM32F4xx_HAL_Driver/Src/stm32f4xx_hal_flash_ex.o
LOAD ./Drivers/STM32F4xx_HAL_Driver/Src/stm32f4xx_hal_flash_ramfunc.o
LOAD ./Drivers/STM32F4xx_HAL_Driver/Src/stm32f4xx_hal_gpio.o
LOAD ./Drivers/STM32F4xx_HAL_Driver/Src/stm32f4xx_hal_i2c.o
LOAD ./Drivers/STM32F4xx_HAL_Driver/Src/stm32f4xx_hal_i2c_ex.o
LOAD ./Drivers/STM32F4xx_HAL_Driver/Src/stm32f4xx_hal_pcd.o
LOAD ./Drivers/STM32F4xx_HAL_Driver/Src/stm32f4xx_hal_pcd_ex.o
LOAD ./Drivers/STM32F4xx_HAL_Driver/Src/stm32f4xx_hal_pwr.o
LOAD ./Drivers/STM32F4xx_HAL_Driver/Src/stm32f4xx_hal_pwr_ex.o
LOAD ./Drivers/STM32F4xx_HAL_Driver/Src/stm32f4xx_hal_rcc.o
LOAD ./Drivers/STM32F4xx_HAL_Driver/Src/stm32f4xx_hal_rcc_ex.o
LOAD ./Drivers/STM32F4xx_HAL_Driver/Src/stm32f4xx_hal_tim.o
LOAD ./Drivers/STM32F4xx_HAL_Driver/Src/stm32f4xx_hal_tim_ex.o
LOAD ./Drivers/STM32F4xx_HAL_Driver/Src/stm32f4xx_hal_uart.o
LOAD ./Drivers/STM32F4xx_HAL_Driver/Src/stm32f4xx_ll_adc.o
LOAD ./Drivers/STM32F4xx_HAL_Driver/Src/stm32f4xx_ll_usb.o
START GROUP
LOAD C:/ST/STM32CubeIDE_1.13.2/STM32CubeIDE/plugins/com.st.stm32cube.ide.mcu.externaltools.gnu-tools-for-stm32.11.3.rel1.win32_1.1.1.202309131626/tools/bin/../lib/gcc/arm-none-eabi/11.3.1/../../../../arm-none-eabi/lib/thumb/v7e-m+fp/hard\libc_nano.a
LOAD C:/ST/STM32CubeIDE_1.13.2/STM32CubeIDE/plugins/com.st.stm32cube.ide.mcu.externaltools.gnu-tools-for-stm32.11.3.rel1.win32_1.1.1.202309131626/tools/bin/../lib/gcc/arm-none-eabi/11.3.1/../../../../arm-none-eabi/lib/thumb/v7e-m+fp/hard\libm.a
END GROUP
START GROUP
LOAD C:/ST/STM32CubeIDE_1.13.2/STM32CubeIDE/plugins/com.st.stm32cube.ide.mcu.externaltools.gnu-tools-for-stm32.11.3.rel1.win32_1.1.1.202309131626/tools/bin/../lib/gcc/arm-none-eabi/11.3.1/thumb/v7e-m+fp/hard\libgcc.a
LOAD C:/ST/STM32CubeIDE_1.13.2/STM32CubeIDE/plugins/com.st.stm32cube.ide.mcu.externaltools.gnu-tools-for-stm32.11.3.rel1.win32_1.1.1.202309131626/tools/bin/../lib/gcc/arm-none-eabi/11.3.1/../../../../arm-none-eabi/lib/thumb/v7e-m+fp/hard\libc_nano.a
END GROUP
START GROUP
LOAD C:/ST/STM32CubeIDE_1.13.2/STM32CubeIDE/plugins/com.st.stm32cube.ide.mcu.externaltools.gnu-tools-for-stm32.11.3.rel1.win32_1.1.1.202309131626/tools/bin/../lib/gcc/arm-none-eabi/11.3.1/thumb/v7e-m+fp/hard\libgcc.a
LOAD C:/ST/STM32CubeIDE_1.13.2/STM32CubeIDE/plugins/com.st.stm32cube.ide.mcu.externaltools.gnu-tools-for-stm32.11.3.rel1.win32_1.1.1.202309131626/tools/bin/../lib/gcc/arm-none-eabi/11.3.1/../../../../arm-none-eabi/lib/thumb/v7e-m+fp/hard\libc_nano.a
LOAD C:/ST/STM32CubeIDE_1.13.2/STM32CubeIDE/plugins/com.st.stm32cube.ide.mcu.externaltools.gnu-tools-for-stm32.11.3.rel1.win32_1.1.1.202309131626/tools/bin/../lib/gcc/arm-none-eabi/11.3.1/../../../../arm-none-eabi/lib/thumb/v7e-m+fp/hard\libnosys.a
END GROUP
START GROUP
LOAD C:/ST/STM32CubeIDE_1.13.2/STM32CubeIDE/plugins/com.st.stm32cube.ide.mcu.externaltools.gnu-tools-for-stm32.11.3.rel1.win32_1.1.1.202309131626/tools/bin/../lib/gcc/arm-none-eabi/11.3.1/thumb/v7e-m+fp/hard\libgcc.a
LOAD C:/ST/STM32CubeIDE_1.13.2/STM32CubeIDE/plugins/com.st.stm32cube.ide.mcu.externaltools.gnu-tools-for-stm32.11.3.rel1.win32_1.1.1.202309131626/tools/bin/../lib/gcc/arm-none-eabi/11.3.1/../../../../arm-none-eabi/lib/thumb/v7e-m+fp/hard\libc_nano.a
LOAD C:/ST/STM32CubeIDE_1.13.2/STM32CubeIDE/plugins/com.st.stm32cube.ide.mcu.externaltools.gnu-tools-for-stm32.11.3.rel1.win32_1.1.1.202309131626/tools/bin/../lib/gcc/arm-none-eabi/11.3.1/../../../../arm-none-eabi/lib/thumb/v7e-m+fp/hard\libnosys.a
END GROUP
LOAD C:/ST/STM32CubeIDE_1.13.2/STM32CubeIDE/plugins/com.st.stm32cube.ide.mcu.externaltools.gnu-tools-for-stm32.11.3.rel1.win32_1.1.1.202309131626/tools/bin/../lib/gcc/arm-none-eabi/11.3.1/thumb/v7e-m+fp/hard/crtend.o
LOAD C:/ST/STM32CubeIDE_1.13.2/STM32CubeIDE/plugins/com.st.stm32cube.ide.mcu.externaltools.gnu-tools-for-stm32.11.3.rel1.win32_1.1.1.202309131626/tools/bin/../lib/gcc/arm-none-eabi/11.3.1/thumb/v7e-m+fp/hard/crtn.o
                0x0000000020030000                _estack = (ORIGIN (RAM) + LENGTH (RAM))
                0x0000000000000200                _Min_Heap_Size = 0x200
                0x0000000000000400                _Min_Stack_Size = 0x400

.isr_vector     0x0000000008000000      0x1ac
                0x0000000008000000                . = ALIGN (0x4)
 *(.isr_vector)
 .isr_vector    0x0000000008000000      0x1ac ./Core/Startup/startup_stm32f429zitx.o
                0x0000000008000000                g_pfnVectors
                0x00000000080001ac                . = ALIGN (0x4)

.text           0x00000000080001b0     0x6d58
                0x00000000080001b0                . = ALIGN (0x4)
 *(.text)
 .text          0x00000000080001b0       0x40 C:/ST/STM32CubeIDE_1.13.2/STM32CubeIDE/plugins/com.st.stm32cube.ide.mcu.externaltools.gnu-tools-for-stm32.11.3.rel1.win32_1.1.1.202309131626/tools/bin/../lib/gcc/arm-none-eabi/11.3.1/thumb/v7e-m+fp/hard/crtbegin.o
 .text          0x00000000080001f0       0x10 C:/ST/STM32CubeIDE_1.13.2/STM32CubeIDE/plugins/com.st.stm32cube.ide.mcu.externaltools.gnu-tools-for-stm32.11.3.rel1.win32_1.1.1.202309131626/tools/bin/../lib/gcc/arm-none-eabi/11.3.1/../../../../arm-none-eabi/lib/thumb/v7e-m+fp/hard\libc_nano.a(libc_a-strlen.o)
                0x00000000080001f0                strlen
 .text          0x0000000008000200       0xa0 C:/ST/STM32CubeIDE_1.13.2/STM32CubeIDE/plugins/com.st.stm32cube.ide.mcu.externaltools.gnu-tools-for-stm32.11.3.rel1.win32_1.1.1.202309131626/tools/bin/../lib/gcc/arm-none-eabi/11.3.1/../../../../arm-none-eabi/lib/thumb/v7e-m+fp/hard\libc_nano.a(libc_a-memchr.o)
                0x0000000008000200                memchr
 .text          0x00000000080002a0       0x30 C:/ST/STM32CubeIDE_1.13.2/STM32CubeIDE/plugins/com.st.stm32cube.ide.mcu.externaltools.gnu-tools-for-stm32.11.3.rel1.win32_1.1.1.202309131626/tools/bin/../lib/gcc/arm-none-eabi/11.3.1/thumb/v7e-m+fp/hard\libgcc.a(_aeabi_uldivmod.o)
                0x00000000080002a0                __aeabi_uldivmod
 .text          0x00000000080002d0      0x2c8 C:/ST/STM32CubeIDE_1.13.2/STM32CubeIDE/plugins/com.st.stm32cube.ide.mcu.externaltools.gnu-tools-for-stm32.11.3.rel1.win32_1.1.1.202309131626/tools/bin/../lib/gcc/arm-none-eabi/11.3.1/thumb/v7e-m+fp/hard\libgcc.a(_udivmoddi4.o)
                0x00000000080002d0                __udivmoddi4
 .text          0x0000000008000598        0x4 C:/ST/STM32CubeIDE_1.13.2/STM32CubeIDE/plugins/com.st.stm32cube.ide.mcu.externaltools.gnu-tools-for-stm32.11.3.rel1.win32_1.1.1.202309131626/tools/bin/../lib/gcc/arm-none-eabi/11.3.1/thumb/v7e-m+fp/hard\libgcc.a(_dvmd_tls.o)
                0x0000000008000598                __aeabi_idiv0
                0x0000000008000598                __aeabi_ldiv0
 *(.text*)
 .text._LCD_SendInternal
                0x000000000800059c       0xec ./Core/Src/lcd.o
                0x000000000800059c                _LCD_SendInternal
 .text._LCD_SendCommand
                0x0000000008000688       0x22 ./Core/Src/lcd.o
                0x0000000008000688                _LCD_SendCommand
 .text._LCD_SendData
                0x00000000080006aa       0x22 ./Core/Src/lcd.o
                0x00000000080006aa                _LCD_SendData
 .text.LCD_Print
                0x00000000080006cc       0x3e ./Core/Src/lcd.o
                0x00000000080006cc                LCD_Print
 .text.LCD_Begin
                0x000000000800070a       0x66 ./Core/Src/lcd.o
                0x000000000800070a                LCD_Begin
 .text.LCD_SetCursor
                0x0000000008000770       0x4a ./Core/Src/lcd.o
                0x0000000008000770                LCD_SetCursor
 .text.LCD_Printf
                0x00000000080007ba       0x3a ./Core/Src/lcd.o
                0x00000000080007ba                LCD_Printf
 .text.ldr_init
                0x00000000080007f4       0x22 ./Core/Src/ldr.o
                0x00000000080007f4                ldr_init
 .text.ldr_stop
                0x0000000008000816       0x22 ./Core/Src/ldr.o
                0x0000000008000816                ldr_stop
 .text.ldr_get_value
                0x0000000008000838       0x90 ./Core/Src/ldr.o
                0x0000000008000838                ldr_get_value
 .text.main     0x00000000080008c8      0x224 ./Core/Src/main.o
                0x00000000080008c8                main
 .text.SystemClock_Config
                0x0000000008000aec       0xd4 ./Core/Src/main.o
                0x0000000008000aec                SystemClock_Config
 .text.MX_ADC1_Init
                0x0000000008000bc0       0xa4 ./Core/Src/main.o
 .text.MX_ADC2_Init
                0x0000000008000c64       0xa4 ./Core/Src/main.o
 .text.MX_ADC3_Init
                0x0000000008000d08       0xa4 ./Core/Src/main.o
 .text.MX_ETH_Init
                0x0000000008000dac       0x9c ./Core/Src/main.o
 .text.MX_I2C2_Init
                0x0000000008000e48       0x80 ./Core/Src/main.o
 .text.MX_TIM2_Init
                0x0000000008000ec8       0xec ./Core/Src/main.o
 .text.MX_USART3_UART_Init
                0x0000000008000fb4       0x54 ./Core/Src/main.o
 .text.MX_USB_OTG_FS_PCD_Init
                0x0000000008001008       0x5c ./Core/Src/main.o
 .text.MX_GPIO_Init
                0x0000000008001064      0x1fc ./Core/Src/main.o
 .text.Error_Handler
                0x0000000008001260        0xa ./Core/Src/main.o
                0x0000000008001260                Error_Handler
 *fill*         0x000000000800126a        0x2 
 .text.set_Pulse
                0x000000000800126c       0x78 ./Core/Src/servo.o
 .text.set_Servospeed
                0x00000000080012e4       0x20 ./Core/Src/servo.o
 .text.servo_start_init
                0x0000000008001304       0x38 ./Core/Src/servo.o
                0x0000000008001304                servo_start_init
 .text.servo_reset
                0x000000000800133c       0x14 ./Core/Src/servo.o
                0x000000000800133c                servo_reset
 .text.servo_rot
                0x0000000008001350       0xe0 ./Core/Src/servo.o
                0x0000000008001350                servo_rot
 .text.HAL_MspInit
                0x0000000008001430       0x50 ./Core/Src/stm32f4xx_hal_msp.o
                0x0000000008001430                HAL_MspInit
 .text.HAL_ADC_MspInit
                0x0000000008001480      0x14c ./Core/Src/stm32f4xx_hal_msp.o
                0x0000000008001480                HAL_ADC_MspInit
 .text.HAL_ETH_MspInit
                0x00000000080015cc      0x18c ./Core/Src/stm32f4xx_hal_msp.o
                0x00000000080015cc                HAL_ETH_MspInit
 .text.HAL_I2C_MspInit
                0x0000000008001758       0x90 ./Core/Src/stm32f4xx_hal_msp.o
                0x0000000008001758                HAL_I2C_MspInit
 .text.HAL_TIM_Base_MspInit
                0x00000000080017e8       0x4c ./Core/Src/stm32f4xx_hal_msp.o
                0x00000000080017e8                HAL_TIM_Base_MspInit
 .text.HAL_TIM_MspPostInit
                0x0000000008001834       0x70 ./Core/Src/stm32f4xx_hal_msp.o
                0x0000000008001834                HAL_TIM_MspPostInit
 .text.HAL_UART_MspInit
                0x00000000080018a4       0x90 ./Core/Src/stm32f4xx_hal_msp.o
                0x00000000080018a4                HAL_UART_MspInit
 .text.HAL_PCD_MspInit
                0x0000000008001934       0xb4 ./Core/Src/stm32f4xx_hal_msp.o
                0x0000000008001934                HAL_PCD_MspInit
 .text.NMI_Handler
                0x00000000080019e8        0x6 ./Core/Src/stm32f4xx_it.o
                0x00000000080019e8                NMI_Handler
 .text.HardFault_Handler
                0x00000000080019ee        0x6 ./Core/Src/stm32f4xx_it.o
                0x00000000080019ee                HardFault_Handler
 .text.MemManage_Handler
                0x00000000080019f4        0x6 ./Core/Src/stm32f4xx_it.o
                0x00000000080019f4                MemManage_Handler
 .text.BusFault_Handler
                0x00000000080019fa        0x6 ./Core/Src/stm32f4xx_it.o
                0x00000000080019fa                BusFault_Handler
 .text.UsageFault_Handler
                0x0000000008001a00        0x6 ./Core/Src/stm32f4xx_it.o
                0x0000000008001a00                UsageFault_Handler
 .text.SVC_Handler
                0x0000000008001a06        0xe ./Core/Src/stm32f4xx_it.o
                0x0000000008001a06                SVC_Handler
 .text.DebugMon_Handler
                0x0000000008001a14        0xe ./Core/Src/stm32f4xx_it.o
                0x0000000008001a14                DebugMon_Handler
 .text.PendSV_Handler
                0x0000000008001a22        0xe ./Core/Src/stm32f4xx_it.o
                0x0000000008001a22                PendSV_Handler
 .text.SysTick_Handler
                0x0000000008001a30        0xc ./Core/Src/stm32f4xx_it.o
                0x0000000008001a30                SysTick_Handler
 .text.TIM2_IRQHandler
                0x0000000008001a3c       0x14 ./Core/Src/stm32f4xx_it.o
                0x0000000008001a3c                TIM2_IRQHandler
 .text._sbrk    0x0000000008001a50       0x6c ./Core/Src/sysmem.o
                0x0000000008001a50                _sbrk
 .text.SystemInit
                0x0000000008001abc       0x24 ./Core/Src/system_stm32f4xx.o
                0x0000000008001abc                SystemInit
 .text.Reset_Handler
                0x0000000008001ae0       0x50 ./Core/Startup/startup_stm32f429zitx.o
                0x0000000008001ae0                Reset_Handler
 .text.Default_Handler
                0x0000000008001b30        0x2 ./Core/Startup/startup_stm32f429zitx.o
                0x0000000008001b30                RTC_Alarm_IRQHandler
                0x0000000008001b30                HASH_RNG_IRQHandler
                0x0000000008001b30                EXTI2_IRQHandler
                0x0000000008001b30                TIM8_CC_IRQHandler
                0x0000000008001b30                UART8_IRQHandler
                0x0000000008001b30                SPI4_IRQHandler
                0x0000000008001b30                TIM1_CC_IRQHandler
                0x0000000008001b30                DMA2_Stream5_IRQHandler
                0x0000000008001b30                DMA1_Stream5_IRQHandler
                0x0000000008001b30                PVD_IRQHandler
                0x0000000008001b30                SDIO_IRQHandler
                0x0000000008001b30                TAMP_STAMP_IRQHandler
                0x0000000008001b30                CAN2_RX1_IRQHandler
                0x0000000008001b30                EXTI3_IRQHandler
                0x0000000008001b30                TIM8_TRG_COM_TIM14_IRQHandler
                0x0000000008001b30                TIM1_UP_TIM10_IRQHandler
                0x0000000008001b30                TIM8_UP_TIM13_IRQHandler
                0x0000000008001b30                I2C3_ER_IRQHandler
                0x0000000008001b30                EXTI0_IRQHandler
                0x0000000008001b30                I2C2_EV_IRQHandler
                0x0000000008001b30                DMA1_Stream2_IRQHandler
                0x0000000008001b30                CAN1_RX0_IRQHandler
                0x0000000008001b30                FPU_IRQHandler
                0x0000000008001b30                OTG_HS_WKUP_IRQHandler
                0x0000000008001b30                LTDC_ER_IRQHandler
                0x0000000008001b30                CAN2_SCE_IRQHandler
                0x0000000008001b30                DMA2_Stream2_IRQHandler
                0x0000000008001b30                SPI1_IRQHandler
                0x0000000008001b30                TIM6_DAC_IRQHandler
                0x0000000008001b30                TIM1_BRK_TIM9_IRQHandler
                0x0000000008001b30                DCMI_IRQHandler
                0x0000000008001b30                CAN2_RX0_IRQHandler
                0x0000000008001b30                DMA2_Stream3_IRQHandler
                0x0000000008001b30                USART6_IRQHandler
                0x0000000008001b30                USART3_IRQHandler
                0x0000000008001b30                CAN1_RX1_IRQHandler
                0x0000000008001b30                UART5_IRQHandler
                0x0000000008001b30                DMA2_Stream0_IRQHandler
                0x0000000008001b30                TIM4_IRQHandler
                0x0000000008001b30                I2C1_EV_IRQHandler
                0x0000000008001b30                DMA1_Stream6_IRQHandler
                0x0000000008001b30                DMA1_Stream1_IRQHandler
                0x0000000008001b30                UART4_IRQHandler
                0x0000000008001b30                TIM3_IRQHandler
                0x0000000008001b30                RCC_IRQHandler
                0x0000000008001b30                TIM8_BRK_TIM12_IRQHandler
                0x0000000008001b30                Default_Handler
                0x0000000008001b30                EXTI15_10_IRQHandler
                0x0000000008001b30                ADC_IRQHandler
                0x0000000008001b30                DMA1_Stream7_IRQHandler
                0x0000000008001b30                SPI5_IRQHandler
                0x0000000008001b30                TIM7_IRQHandler
                0x0000000008001b30                CAN2_TX_IRQHandler
                0x0000000008001b30                TIM5_IRQHandler
                0x0000000008001b30                DMA2_Stream7_IRQHandler
                0x0000000008001b30                I2C3_EV_IRQHandler
                0x0000000008001b30                EXTI9_5_IRQHandler
                0x0000000008001b30                RTC_WKUP_IRQHandler
                0x0000000008001b30                LTDC_IRQHandler
                0x0000000008001b30                ETH_WKUP_IRQHandler
                0x0000000008001b30                SPI2_IRQHandler
                0x0000000008001b30                OTG_HS_EP1_IN_IRQHandler
                0x0000000008001b30                DMA1_Stream0_IRQHandler
                0x0000000008001b30                CAN1_TX_IRQHandler
                0x0000000008001b30                EXTI4_IRQHandler
                0x0000000008001b30                ETH_IRQHandler
                0x0000000008001b30                OTG_HS_EP1_OUT_IRQHandler
                0x0000000008001b30                WWDG_IRQHandler
                0x0000000008001b30                SPI6_IRQHandler
                0x0000000008001b30                OTG_FS_WKUP_IRQHandler
                0x0000000008001b30                TIM1_TRG_COM_TIM11_IRQHandler
                0x0000000008001b30                OTG_HS_IRQHandler
                0x0000000008001b30                DMA2D_IRQHandler
                0x0000000008001b30                EXTI1_IRQHandler
                0x0000000008001b30                UART7_IRQHandler
                0x0000000008001b30                USART2_IRQHandler
                0x0000000008001b30                I2C2_ER_IRQHandler
                0x0000000008001b30                DMA2_Stream1_IRQHandler
                0x0000000008001b30                CAN1_SCE_IRQHandler
                0x0000000008001b30                FLASH_IRQHandler
                0x0000000008001b30                DMA2_Stream4_IRQHandler
                0x0000000008001b30                USART1_IRQHandler
                0x0000000008001b30                OTG_FS_IRQHandler
                0x0000000008001b30                SPI3_IRQHandler
                0x0000000008001b30                DMA1_Stream4_IRQHandler
                0x0000000008001b30                I2C1_ER_IRQHandler
                0x0000000008001b30                FMC_IRQHandler
                0x0000000008001b30                DMA2_Stream6_IRQHandler
                0x0000000008001b30                SAI1_IRQHandler
                0x0000000008001b30                DMA1_Stream3_IRQHandler
 *fill*         0x0000000008001b32        0x2 
 .text.HAL_Init
                0x0000000008001b34       0x44 ./Drivers/STM32F4xx_HAL_Driver/Src/stm32f4xx_hal.o
                0x0000000008001b34                HAL_Init
 .text.HAL_InitTick
                0x0000000008001b78       0x60 ./Drivers/STM32F4xx_HAL_Driver/Src/stm32f4xx_hal.o
                0x0000000008001b78                HAL_InitTick
 .text.HAL_IncTick
                0x0000000008001bd8       0x28 ./Drivers/STM32F4xx_HAL_Driver/Src/stm32f4xx_hal.o
                0x0000000008001bd8                HAL_IncTick
 .text.HAL_GetTick
                0x0000000008001c00       0x18 ./Drivers/STM32F4xx_HAL_Driver/Src/stm32f4xx_hal.o
                0x0000000008001c00                HAL_GetTick
 .text.HAL_Delay
                0x0000000008001c18       0x48 ./Drivers/STM32F4xx_HAL_Driver/Src/stm32f4xx_hal.o
                0x0000000008001c18                HAL_Delay
 .text.HAL_ADC_Init
                0x0000000008001c60       0x86 ./Drivers/STM32F4xx_HAL_Driver/Src/stm32f4xx_hal_adc.o
                0x0000000008001c60                HAL_ADC_Init
 *fill*         0x0000000008001ce6        0x2 
 .text.HAL_ADC_Start
                0x0000000008001ce8      0x1a4 ./Drivers/STM32F4xx_HAL_Driver/Src/stm32f4xx_hal_adc.o
                0x0000000008001ce8                HAL_ADC_Start
 .text.HAL_ADC_Stop
                0x0000000008001e8c       0x66 ./Drivers/STM32F4xx_HAL_Driver/Src/stm32f4xx_hal_adc.o
                0x0000000008001e8c                HAL_ADC_Stop
 .text.HAL_ADC_PollForConversion
                0x0000000008001ef2      0x116 ./Drivers/STM32F4xx_HAL_Driver/Src/stm32f4xx_hal_adc.o
                0x0000000008001ef2                HAL_ADC_PollForConversion
 .text.HAL_ADC_GetValue
                0x0000000008002008       0x1a ./Drivers/STM32F4xx_HAL_Driver/Src/stm32f4xx_hal_adc.o
                0x0000000008002008                HAL_ADC_GetValue
 *fill*         0x0000000008002022        0x2 
 .text.HAL_ADC_ConfigChannel
                0x0000000008002024      0x264 ./Drivers/STM32F4xx_HAL_Driver/Src/stm32f4xx_hal_adc.o
                0x0000000008002024                HAL_ADC_ConfigChannel
 .text.ADC_Init
                0x0000000008002288      0x1f8 ./Drivers/STM32F4xx_HAL_Driver/Src/stm32f4xx_hal_adc.o
 .text.__NVIC_SetPriorityGrouping
                0x0000000008002480       0x48 ./Drivers/STM32F4xx_HAL_Driver/Src/stm32f4xx_hal_cortex.o
 .text.__NVIC_GetPriorityGrouping
                0x00000000080024c8       0x1c ./Drivers/STM32F4xx_HAL_Driver/Src/stm32f4xx_hal_cortex.o
 .text.__NVIC_EnableIRQ
                0x00000000080024e4       0x3c ./Drivers/STM32F4xx_HAL_Driver/Src/stm32f4xx_hal_cortex.o
 .text.__NVIC_SetPriority
                0x0000000008002520       0x54 ./Drivers/STM32F4xx_HAL_Driver/Src/stm32f4xx_hal_cortex.o
 .text.NVIC_EncodePriority
                0x0000000008002574       0x66 ./Drivers/STM32F4xx_HAL_Driver/Src/stm32f4xx_hal_cortex.o
 *fill*         0x00000000080025da        0x2 
 .text.SysTick_Config
                0x00000000080025dc       0x44 ./Drivers/STM32F4xx_HAL_Driver/Src/stm32f4xx_hal_cortex.o
 .text.HAL_NVIC_SetPriorityGrouping
                0x0000000008002620       0x16 ./Drivers/STM32F4xx_HAL_Driver/Src/stm32f4xx_hal_cortex.o
                0x0000000008002620                HAL_NVIC_SetPriorityGrouping
 .text.HAL_NVIC_SetPriority
                0x0000000008002636       0x38 ./Drivers/STM32F4xx_HAL_Driver/Src/stm32f4xx_hal_cortex.o
                0x0000000008002636                HAL_NVIC_SetPriority
 .text.HAL_NVIC_EnableIRQ
                0x000000000800266e       0x1c ./Drivers/STM32F4xx_HAL_Driver/Src/stm32f4xx_hal_cortex.o
                0x000000000800266e                HAL_NVIC_EnableIRQ
 .text.HAL_SYSTICK_Config
                0x000000000800268a       0x18 ./Drivers/STM32F4xx_HAL_Driver/Src/stm32f4xx_hal_cortex.o
                0x000000000800268a                HAL_SYSTICK_Config
 *fill*         0x00000000080026a2        0x2 
 .text.HAL_ETH_Init
                0x00000000080026a4       0xfc ./Drivers/STM32F4xx_HAL_Driver/Src/stm32f4xx_hal_eth.o
                0x00000000080026a4                HAL_ETH_Init
 .text.ETH_SetMACConfig
                0x00000000080027a0      0x160 ./Drivers/STM32F4xx_HAL_Driver/Src/stm32f4xx_hal_eth.o
 .text.ETH_SetDMAConfig
                0x0000000008002900      0x114 ./Drivers/STM32F4xx_HAL_Driver/Src/stm32f4xx_hal_eth.o
 .text.ETH_MACDMAConfig
                0x0000000008002a14       0xe4 ./Drivers/STM32F4xx_HAL_Driver/Src/stm32f4xx_hal_eth.o
 .text.ETH_MACAddressConfig
                0x0000000008002af8       0x70 ./Drivers/STM32F4xx_HAL_Driver/Src/stm32f4xx_hal_eth.o
 .text.ETH_DMATxDescListInit
                0x0000000008002b68       0xb2 ./Drivers/STM32F4xx_HAL_Driver/Src/stm32f4xx_hal_eth.o
 .text.ETH_DMARxDescListInit
                0x0000000008002c1a       0xda ./Drivers/STM32F4xx_HAL_Driver/Src/stm32f4xx_hal_eth.o
 .text.HAL_GPIO_Init
                0x0000000008002cf4      0x358 ./Drivers/STM32F4xx_HAL_Driver/Src/stm32f4xx_hal_gpio.o
                0x0000000008002cf4                HAL_GPIO_Init
 .text.HAL_GPIO_ReadPin
                0x000000000800304c       0x30 ./Drivers/STM32F4xx_HAL_Driver/Src/stm32f4xx_hal_gpio.o
                0x000000000800304c                HAL_GPIO_ReadPin
 .text.HAL_GPIO_WritePin
                0x000000000800307c       0x32 ./Drivers/STM32F4xx_HAL_Driver/Src/stm32f4xx_hal_gpio.o
                0x000000000800307c                HAL_GPIO_WritePin
 *fill*         0x00000000080030ae        0x2 
 .text.HAL_I2C_Init
                0x00000000080030b0      0x288 ./Drivers/STM32F4xx_HAL_Driver/Src/stm32f4xx_hal_i2c.o
                0x00000000080030b0                HAL_I2C_Init
 .text.HAL_I2C_Master_Transmit
                0x0000000008003338      0x1fc ./Drivers/STM32F4xx_HAL_Driver/Src/stm32f4xx_hal_i2c.o
                0x0000000008003338                HAL_I2C_Master_Transmit
 .text.HAL_I2C_IsDeviceReady
                0x0000000008003534      0x25c ./Drivers/STM32F4xx_HAL_Driver/Src/stm32f4xx_hal_i2c.o
                0x0000000008003534                HAL_I2C_IsDeviceReady
 .text.I2C_MasterRequestWrite
                0x0000000008003790      0x104 ./Drivers/STM32F4xx_HAL_Driver/Src/stm32f4xx_hal_i2c.o
 .text.I2C_WaitOnFlagUntilTimeout
                0x0000000008003894       0xae ./Drivers/STM32F4xx_HAL_Driver/Src/stm32f4xx_hal_i2c.o
 .text.I2C_WaitOnMasterAddressFlagUntilTimeout
                0x0000000008003942       0xfe ./Drivers/STM32F4xx_HAL_Driver/Src/stm32f4xx_hal_i2c.o
 .text.I2C_WaitOnTXEFlagUntilTimeout
                0x0000000008003a40       0x82 ./Drivers/STM32F4xx_HAL_Driver/Src/stm32f4xx_hal_i2c.o
 .text.I2C_WaitOnBTFFlagUntilTimeout
                0x0000000008003ac2       0x82 ./Drivers/STM32F4xx_HAL_Driver/Src/stm32f4xx_hal_i2c.o
 .text.I2C_IsAcknowledgeFailed
                0x0000000008003b44       0x5e ./Drivers/STM32F4xx_HAL_Driver/Src/stm32f4xx_hal_i2c.o
 .text.HAL_I2CEx_ConfigAnalogFilter
                0x0000000008003ba2       0x78 ./Drivers/STM32F4xx_HAL_Driver/Src/stm32f4xx_hal_i2c_ex.o
                0x0000000008003ba2                HAL_I2CEx_ConfigAnalogFilter
 .text.HAL_I2CEx_ConfigDigitalFilter
                0x0000000008003c1a       0x7e ./Drivers/STM32F4xx_HAL_Driver/Src/stm32f4xx_hal_i2c_ex.o
                0x0000000008003c1a                HAL_I2CEx_ConfigDigitalFilter
 .text.HAL_PCD_Init
                0x0000000008003c98      0x23a ./Drivers/STM32F4xx_HAL_Driver/Src/stm32f4xx_hal_pcd.o
                0x0000000008003c98                HAL_PCD_Init
 *fill*         0x0000000008003ed2        0x2 
 .text.HAL_RCC_OscConfig
                0x0000000008003ed4      0x4f0 ./Drivers/STM32F4xx_HAL_Driver/Src/stm32f4xx_hal_rcc.o
                0x0000000008003ed4                HAL_RCC_OscConfig
 .text.HAL_RCC_ClockConfig
                0x00000000080043c4      0x1cc ./Drivers/STM32F4xx_HAL_Driver/Src/stm32f4xx_hal_rcc.o
                0x00000000080043c4                HAL_RCC_ClockConfig
 .text.HAL_RCC_GetSysClockFreq
                0x0000000008004590      0x20c ./Drivers/STM32F4xx_HAL_Driver/Src/stm32f4xx_hal_rcc.o
                0x0000000008004590                HAL_RCC_GetSysClockFreq
 .text.HAL_RCC_GetHCLKFreq
                0x000000000800479c       0x18 ./Drivers/STM32F4xx_HAL_Driver/Src/stm32f4xx_hal_rcc.o
                0x000000000800479c                HAL_RCC_GetHCLKFreq
 .text.HAL_RCC_GetPCLK1Freq
                0x00000000080047b4       0x28 ./Drivers/STM32F4xx_HAL_Driver/Src/stm32f4xx_hal_rcc.o
                0x00000000080047b4                HAL_RCC_GetPCLK1Freq
 .text.HAL_RCC_GetPCLK2Freq
                0x00000000080047dc       0x28 ./Drivers/STM32F4xx_HAL_Driver/Src/stm32f4xx_hal_rcc.o
                0x00000000080047dc                HAL_RCC_GetPCLK2Freq
 .text.HAL_TIM_Base_Init
                0x0000000008004804       0x9e ./Drivers/STM32F4xx_HAL_Driver/Src/stm32f4xx_hal_tim.o
                0x0000000008004804                HAL_TIM_Base_Init
 .text.HAL_TIM_PWM_Init
                0x00000000080048a2       0x9e ./Drivers/STM32F4xx_HAL_Driver/Src/stm32f4xx_hal_tim.o
                0x00000000080048a2                HAL_TIM_PWM_Init
 .text.HAL_TIM_PWM_MspInit
                0x0000000008004940       0x14 ./Drivers/STM32F4xx_HAL_Driver/Src/stm32f4xx_hal_tim.o
                0x0000000008004940                HAL_TIM_PWM_MspInit
 .text.HAL_TIM_PWM_Start
                0x0000000008004954      0x190 ./Drivers/STM32F4xx_HAL_Driver/Src/stm32f4xx_hal_tim.o
                0x0000000008004954                HAL_TIM_PWM_Start
 .text.HAL_TIM_IRQHandler
                0x0000000008004ae4      0x210 ./Drivers/STM32F4xx_HAL_Driver/Src/stm32f4xx_hal_tim.o
                0x0000000008004ae4                HAL_TIM_IRQHandler
 .text.HAL_TIM_PWM_ConfigChannel
                0x0000000008004cf4      0x184 ./Drivers/STM32F4xx_HAL_Driver/Src/stm32f4xx_hal_tim.o
                0x0000000008004cf4                HAL_TIM_PWM_ConfigChannel
 .text.HAL_TIM_ConfigClockSource
                0x0000000008004e78      0x18e ./Drivers/STM32F4xx_HAL_Driver/Src/stm32f4xx_hal_tim.o
                0x0000000008004e78                HAL_TIM_ConfigClockSource
 .text.HAL_TIM_PeriodElapsedCallback
                0x0000000008005006       0x14 ./Drivers/STM32F4xx_HAL_Driver/Src/stm32f4xx_hal_tim.o
                0x0000000008005006                HAL_TIM_PeriodElapsedCallback
 .text.HAL_TIM_OC_DelayElapsedCallback
                0x000000000800501a       0x14 ./Drivers/STM32F4xx_HAL_Driver/Src/stm32f4xx_hal_tim.o
                0x000000000800501a                HAL_TIM_OC_DelayElapsedCallback
 .text.HAL_TIM_IC_CaptureCallback
                0x000000000800502e       0x14 ./Drivers/STM32F4xx_HAL_Driver/Src/stm32f4xx_hal_tim.o
                0x000000000800502e                HAL_TIM_IC_CaptureCallback
 .text.HAL_TIM_PWM_PulseFinishedCallback
                0x0000000008005042       0x14 ./Drivers/STM32F4xx_HAL_Driver/Src/stm32f4xx_hal_tim.o
                0x0000000008005042                HAL_TIM_PWM_PulseFinishedCallback
 .text.HAL_TIM_TriggerCallback
                0x0000000008005056       0x14 ./Drivers/STM32F4xx_HAL_Driver/Src/stm32f4xx_hal_tim.o
                0x0000000008005056                HAL_TIM_TriggerCallback
 *fill*         0x000000000800506a        0x2 
 .text.TIM_Base_SetConfig
                0x000000000800506c      0x140 ./Drivers/STM32F4xx_HAL_Driver/Src/stm32f4xx_hal_tim.o
                0x000000000800506c                TIM_Base_SetConfig
 .text.TIM_OC1_SetConfig
                0x00000000080051ac       0xe0 ./Drivers/STM32F4xx_HAL_Driver/Src/stm32f4xx_hal_tim.o
 .text.TIM_OC2_SetConfig
                0x000000000800528c       0xec ./Drivers/STM32F4xx_HAL_Driver/Src/stm32f4xx_hal_tim.o
                0x000000000800528c                TIM_OC2_SetConfig
 .text.TIM_OC3_SetConfig
                0x0000000008005378       0xe8 ./Drivers/STM32F4xx_HAL_Driver/Src/stm32f4xx_hal_tim.o
 .text.TIM_OC4_SetConfig
                0x0000000008005460       0xac ./Drivers/STM32F4xx_HAL_Driver/Src/stm32f4xx_hal_tim.o
 .text.TIM_TI1_ConfigInputStage
                0x000000000800550c       0x5e ./Drivers/STM32F4xx_HAL_Driver/Src/stm32f4xx_hal_tim.o
 .text.TIM_TI2_ConfigInputStage
                0x000000000800556a       0x60 ./Drivers/STM32F4xx_HAL_Driver/Src/stm32f4xx_hal_tim.o
 .text.TIM_ITRx_SetConfig
                0x00000000080055ca       0x36 ./Drivers/STM32F4xx_HAL_Driver/Src/stm32f4xx_hal_tim.o
 .text.TIM_ETR_SetConfig
                0x0000000008005600       0x40 ./Drivers/STM32F4xx_HAL_Driver/Src/stm32f4xx_hal_tim.o
                0x0000000008005600                TIM_ETR_SetConfig
 .text.TIM_CCxChannelCmd
                0x0000000008005640       0x4a ./Drivers/STM32F4xx_HAL_Driver/Src/stm32f4xx_hal_tim.o
                0x0000000008005640                TIM_CCxChannelCmd
 *fill*         0x000000000800568a        0x2 
 .text.HAL_TIMEx_MasterConfigSynchronization
                0x000000000800568c       0xf8 ./Drivers/STM32F4xx_HAL_Driver/Src/stm32f4xx_hal_tim_ex.o
                0x000000000800568c                HAL_TIMEx_MasterConfigSynchronization
 .text.HAL_TIMEx_CommutCallback
                0x0000000008005784       0x14 ./Drivers/STM32F4xx_HAL_Driver/Src/stm32f4xx_hal_tim_ex.o
                0x0000000008005784                HAL_TIMEx_CommutCallback
 .text.HAL_TIMEx_BreakCallback
                0x0000000008005798       0x14 ./Drivers/STM32F4xx_HAL_Driver/Src/stm32f4xx_hal_tim_ex.o
                0x0000000008005798                HAL_TIMEx_BreakCallback
 .text.HAL_UART_Init
                0x00000000080057ac       0x9a ./Drivers/STM32F4xx_HAL_Driver/Src/stm32f4xx_hal_uart.o
                0x00000000080057ac                HAL_UART_Init
 .text.HAL_UART_Transmit
                0x0000000008005846      0x124 ./Drivers/STM32F4xx_HAL_Driver/Src/stm32f4xx_hal_uart.o
                0x0000000008005846                HAL_UART_Transmit
 .text.UART_WaitOnFlagUntilTimeout
                0x000000000800596a       0xdc ./Drivers/STM32F4xx_HAL_Driver/Src/stm32f4xx_hal_uart.o
 *fill*         0x0000000008005a46        0x2 
 .text.UART_SetConfig
                0x0000000008005a48      0x4e8 ./Drivers/STM32F4xx_HAL_Driver/Src/stm32f4xx_hal_uart.o
 .text.USB_CoreInit
                0x0000000008005f30       0xc2 ./Drivers/STM32F4xx_HAL_Driver/Src/stm32f4xx_ll_usb.o
                0x0000000008005f30                USB_CoreInit
 .text.USB_DisableGlobalInt
                0x0000000008005ff2       0x22 ./Drivers/STM32F4xx_HAL_Driver/Src/stm32f4xx_ll_usb.o
                0x0000000008005ff2                USB_DisableGlobalInt
 .text.USB_SetCurrentMode
                0x0000000008006014       0x98 ./Drivers/STM32F4xx_HAL_Driver/Src/stm32f4xx_ll_usb.o
                0x0000000008006014                USB_SetCurrentMode
 .text.USB_DevInit
                0x00000000080060ac      0x2c8 ./Drivers/STM32F4xx_HAL_Driver/Src/stm32f4xx_ll_usb.o
                0x00000000080060ac                USB_DevInit
 .text.USB_FlushTxFifo
                0x0000000008006374       0x68 ./Drivers/STM32F4xx_HAL_Driver/Src/stm32f4xx_ll_usb.o
                0x0000000008006374                USB_FlushTxFifo
 .text.USB_FlushRxFifo
                0x00000000080063dc       0x60 ./Drivers/STM32F4xx_HAL_Driver/Src/stm32f4xx_ll_usb.o
                0x00000000080063dc                USB_FlushRxFifo
 .text.USB_SetDevSpeed
                0x000000000800643c       0x32 ./Drivers/STM32F4xx_HAL_Driver/Src/stm32f4xx_ll_usb.o
                0x000000000800643c                USB_SetDevSpeed
 .text.USB_DevDisconnect
                0x000000000800646e       0x42 ./Drivers/STM32F4xx_HAL_Driver/Src/stm32f4xx_ll_usb.o
                0x000000000800646e                USB_DevDisconnect
 .text.USB_GetMode
                0x00000000080064b0       0x1c ./Drivers/STM32F4xx_HAL_Driver/Src/stm32f4xx_ll_usb.o
                0x00000000080064b0                USB_GetMode
 .text.USB_CoreReset
                0x00000000080064cc       0x68 ./Drivers/STM32F4xx_HAL_Driver/Src/stm32f4xx_ll_usb.o
 .text.sprintf  0x0000000008006534       0x40 C:/ST/STM32CubeIDE_1.13.2/STM32CubeIDE/plugins/com.st.stm32cube.ide.mcu.externaltools.gnu-tools-for-stm32.11.3.rel1.win32_1.1.1.202309131626/tools/bin/../lib/gcc/arm-none-eabi/11.3.1/../../../../arm-none-eabi/lib/thumb/v7e-m+fp/hard\libc_nano.a(libc_a-sprintf.o)
                0x0000000008006534                siprintf
                0x0000000008006534                sprintf
 .text._vsnprintf_r
                0x0000000008006574       0x56 C:/ST/STM32CubeIDE_1.13.2/STM32CubeIDE/plugins/com.st.stm32cube.ide.mcu.externaltools.gnu-tools-for-stm32.11.3.rel1.win32_1.1.1.202309131626/tools/bin/../lib/gcc/arm-none-eabi/11.3.1/../../../../arm-none-eabi/lib/thumb/v7e-m+fp/hard\libc_nano.a(libc_a-vsnprintf.o)
                0x0000000008006574                _vsniprintf_r
                0x0000000008006574                _vsnprintf_r
 *fill*         0x00000000080065ca        0x2 
 .text.vsnprintf
                0x00000000080065cc       0x1c C:/ST/STM32CubeIDE_1.13.2/STM32CubeIDE/plugins/com.st.stm32cube.ide.mcu.externaltools.gnu-tools-for-stm32.11.3.rel1.win32_1.1.1.202309131626/tools/bin/../lib/gcc/arm-none-eabi/11.3.1/../../../../arm-none-eabi/lib/thumb/v7e-m+fp/hard\libc_nano.a(libc_a-vsnprintf.o)
                0x00000000080065cc                vsniprintf
                0x00000000080065cc                vsnprintf
 .text.memset   0x00000000080065e8       0x10 C:/ST/STM32CubeIDE_1.13.2/STM32CubeIDE/plugins/com.st.stm32cube.ide.mcu.externaltools.gnu-tools-for-stm32.11.3.rel1.win32_1.1.1.202309131626/tools/bin/../lib/gcc/arm-none-eabi/11.3.1/../../../../arm-none-eabi/lib/thumb/v7e-m+fp/hard\libc_nano.a(libc_a-memset.o)
                0x00000000080065e8                memset
 .text.__errno  0x00000000080065f8        0xc C:/ST/STM32CubeIDE_1.13.2/STM32CubeIDE/plugins/com.st.stm32cube.ide.mcu.externaltools.gnu-tools-for-stm32.11.3.rel1.win32_1.1.1.202309131626/tools/bin/../lib/gcc/arm-none-eabi/11.3.1/../../../../arm-none-eabi/lib/thumb/v7e-m+fp/hard\libc_nano.a(libc_a-errno.o)
                0x00000000080065f8                __errno
 .text.__libc_init_array
                0x0000000008006604       0x48 C:/ST/STM32CubeIDE_1.13.2/STM32CubeIDE/plugins/com.st.stm32cube.ide.mcu.externaltools.gnu-tools-for-stm32.11.3.rel1.win32_1.1.1.202309131626/tools/bin/../lib/gcc/arm-none-eabi/11.3.1/../../../../arm-none-eabi/lib/thumb/v7e-m+fp/hard\libc_nano.a(libc_a-init.o)
                0x0000000008006604                __libc_init_array
 .text.__retarget_lock_acquire_recursive
                0x000000000800664c        0x2 C:/ST/STM32CubeIDE_1.13.2/STM32CubeIDE/plugins/com.st.stm32cube.ide.mcu.externaltools.gnu-tools-for-stm32.11.3.rel1.win32_1.1.1.202309131626/tools/bin/../lib/gcc/arm-none-eabi/11.3.1/../../../../arm-none-eabi/lib/thumb/v7e-m+fp/hard\libc_nano.a(libc_a-lock.o)
                0x000000000800664c                __retarget_lock_acquire_recursive
 .text.__retarget_lock_release_recursive
                0x000000000800664e        0x2 C:/ST/STM32CubeIDE_1.13.2/STM32CubeIDE/plugins/com.st.stm32cube.ide.mcu.externaltools.gnu-tools-for-stm32.11.3.rel1.win32_1.1.1.202309131626/tools/bin/../lib/gcc/arm-none-eabi/11.3.1/../../../../arm-none-eabi/lib/thumb/v7e-m+fp/hard\libc_nano.a(libc_a-lock.o)
                0x000000000800664e                __retarget_lock_release_recursive
 .text._free_r  0x0000000008006650       0x98 C:/ST/STM32CubeIDE_1.13.2/STM32CubeIDE/plugins/com.st.stm32cube.ide.mcu.externaltools.gnu-tools-for-stm32.11.3.rel1.win32_1.1.1.202309131626/tools/bin/../lib/gcc/arm-none-eabi/11.3.1/../../../../arm-none-eabi/lib/thumb/v7e-m+fp/hard\libc_nano.a(libc_a-freer.o)
                0x0000000008006650                _free_r
 .text.sbrk_aligned
                0x00000000080066e8       0x40 C:/ST/STM32CubeIDE_1.13.2/STM32CubeIDE/plugins/com.st.stm32cube.ide.mcu.externaltools.gnu-tools-for-stm32.11.3.rel1.win32_1.1.1.202309131626/tools/bin/../lib/gcc/arm-none-eabi/11.3.1/../../../../arm-none-eabi/lib/thumb/v7e-m+fp/hard\libc_nano.a(libc_a-mallocr.o)
 .text._malloc_r
                0x0000000008006728      0x100 C:/ST/STM32CubeIDE_1.13.2/STM32CubeIDE/plugins/com.st.stm32cube.ide.mcu.externaltools.gnu-tools-for-stm32.11.3.rel1.win32_1.1.1.202309131626/tools/bin/../lib/gcc/arm-none-eabi/11.3.1/../../../../arm-none-eabi/lib/thumb/v7e-m+fp/hard\libc_nano.a(libc_a-mallocr.o)
                0x0000000008006728                _malloc_r
 .text.__malloc_lock
                0x0000000008006828        0xc C:/ST/STM32CubeIDE_1.13.2/STM32CubeIDE/plugins/com.st.stm32cube.ide.mcu.externaltools.gnu-tools-for-stm32.11.3.rel1.win32_1.1.1.202309131626/tools/bin/../lib/gcc/arm-none-eabi/11.3.1/../../../../arm-none-eabi/lib/thumb/v7e-m+fp/hard\libc_nano.a(libc_a-mlock.o)
                0x0000000008006828                __malloc_lock
 .text.__malloc_unlock
                0x0000000008006834        0xc C:/ST/STM32CubeIDE_1.13.2/STM32CubeIDE/plugins/com.st.stm32cube.ide.mcu.externaltools.gnu-tools-for-stm32.11.3.rel1.win32_1.1.1.202309131626/tools/bin/../lib/gcc/arm-none-eabi/11.3.1/../../../../arm-none-eabi/lib/thumb/v7e-m+fp/hard\libc_nano.a(libc_a-mlock.o)
                0x0000000008006834                __malloc_unlock
 .text.__ssputs_r
                0x0000000008006840       0xb4 C:/ST/STM32CubeIDE_1.13.2/STM32CubeIDE/plugins/com.st.stm32cube.ide.mcu.externaltools.gnu-tools-for-stm32.11.3.rel1.win32_1.1.1.202309131626/tools/bin/../lib/gcc/arm-none-eabi/11.3.1/../../../../arm-none-eabi/lib/thumb/v7e-m+fp/hard\libc_nano.a(libc_a-nano-svfprintf.o)
                0x0000000008006840                __ssputs_r
 .text._svfprintf_r
                0x00000000080068f4      0x1fc C:/ST/STM32CubeIDE_1.13.2/STM32CubeIDE/plugins/com.st.stm32cube.ide.mcu.externaltools.gnu-tools-for-stm32.11.3.rel1.win32_1.1.1.202309131626/tools/bin/../lib/gcc/arm-none-eabi/11.3.1/../../../../arm-none-eabi/lib/thumb/v7e-m+fp/hard\libc_nano.a(libc_a-nano-svfprintf.o)
                0x00000000080068f4                _svfiprintf_r
                0x00000000080068f4                _svfprintf_r
 .text._printf_common
                0x0000000008006af0       0xda C:/ST/STM32CubeIDE_1.13.2/STM32CubeIDE/plugins/com.st.stm32cube.ide.mcu.externaltools.gnu-tools-for-stm32.11.3.rel1.win32_1.1.1.202309131626/tools/bin/../lib/gcc/arm-none-eabi/11.3.1/../../../../arm-none-eabi/lib/thumb/v7e-m+fp/hard\libc_nano.a(libc_a-nano-vfprintf_i.o)
                0x0000000008006af0                _printf_common
 *fill*         0x0000000008006bca        0x2 
 .text._printf_i
                0x0000000008006bcc      0x244 C:/ST/STM32CubeIDE_1.13.2/STM32CubeIDE/plugins/com.st.stm32cube.ide.mcu.externaltools.gnu-tools-for-stm32.11.3.rel1.win32_1.1.1.202309131626/tools/bin/../lib/gcc/arm-none-eabi/11.3.1/../../../../arm-none-eabi/lib/thumb/v7e-m+fp/hard\libc_nano.a(libc_a-nano-vfprintf_i.o)
                0x0000000008006bcc                _printf_i
 .text.memmove  0x0000000008006e10       0x34 C:/ST/STM32CubeIDE_1.13.2/STM32CubeIDE/plugins/com.st.stm32cube.ide.mcu.externaltools.gnu-tools-for-stm32.11.3.rel1.win32_1.1.1.202309131626/tools/bin/../lib/gcc/arm-none-eabi/11.3.1/../../../../arm-none-eabi/lib/thumb/v7e-m+fp/hard\libc_nano.a(libc_a-memmove.o)
                0x0000000008006e10                memmove
 .text._sbrk_r  0x0000000008006e44       0x20 C:/ST/STM32CubeIDE_1.13.2/STM32CubeIDE/plugins/com.st.stm32cube.ide.mcu.externaltools.gnu-tools-for-stm32.11.3.rel1.win32_1.1.1.202309131626/tools/bin/../lib/gcc/arm-none-eabi/11.3.1/../../../../arm-none-eabi/lib/thumb/v7e-m+fp/hard\libc_nano.a(libc_a-sbrkr.o)
                0x0000000008006e44                _sbrk_r
 .text.memcpy   0x0000000008006e64       0x1c C:/ST/STM32CubeIDE_1.13.2/STM32CubeIDE/plugins/com.st.stm32cube.ide.mcu.externaltools.gnu-tools-for-stm32.11.3.rel1.win32_1.1.1.202309131626/tools/bin/../lib/gcc/arm-none-eabi/11.3.1/../../../../arm-none-eabi/lib/thumb/v7e-m+fp/hard\libc_nano.a(libc_a-memcpy-stub.o)
                0x0000000008006e64                memcpy
 .text._realloc_r
                0x0000000008006e80       0x5e C:/ST/STM32CubeIDE_1.13.2/STM32CubeIDE/plugins/com.st.stm32cube.ide.mcu.externaltools.gnu-tools-for-stm32.11.3.rel1.win32_1.1.1.202309131626/tools/bin/../lib/gcc/arm-none-eabi/11.3.1/../../../../arm-none-eabi/lib/thumb/v7e-m+fp/hard\libc_nano.a(libc_a-reallocr.o)
                0x0000000008006e80                _realloc_r
 .text._malloc_usable_size_r
                0x0000000008006ede       0x10 C:/ST/STM32CubeIDE_1.13.2/STM32CubeIDE/plugins/com.st.stm32cube.ide.mcu.externaltools.gnu-tools-for-stm32.11.3.rel1.win32_1.1.1.202309131626/tools/bin/../lib/gcc/arm-none-eabi/11.3.1/../../../../arm-none-eabi/lib/thumb/v7e-m+fp/hard\libc_nano.a(libc_a-msizer.o)
                0x0000000008006ede                _malloc_usable_size_r
 *(.glue_7)
 .glue_7        0x0000000008006eee        0x0 linker stubs
 *(.glue_7t)
 .glue_7t       0x0000000008006eee        0x0 linker stubs
 *(.eh_frame)
 *fill*         0x0000000008006eee        0x2 
 .eh_frame      0x0000000008006ef0        0x0 C:/ST/STM32CubeIDE_1.13.2/STM32CubeIDE/plugins/com.st.stm32cube.ide.mcu.externaltools.gnu-tools-for-stm32.11.3.rel1.win32_1.1.1.202309131626/tools/bin/../lib/gcc/arm-none-eabi/11.3.1/thumb/v7e-m+fp/hard/crtbegin.o
 *(.init)
 .init          0x0000000008006ef0        0x4 C:/ST/STM32CubeIDE_1.13.2/STM32CubeIDE/plugins/com.st.stm32cube.ide.mcu.externaltools.gnu-tools-for-stm32.11.3.rel1.win32_1.1.1.202309131626/tools/bin/../lib/gcc/arm-none-eabi/11.3.1/thumb/v7e-m+fp/hard/crti.o
                0x0000000008006ef0                _init
 .init          0x0000000008006ef4        0x8 C:/ST/STM32CubeIDE_1.13.2/STM32CubeIDE/plugins/com.st.stm32cube.ide.mcu.externaltools.gnu-tools-for-stm32.11.3.rel1.win32_1.1.1.202309131626/tools/bin/../lib/gcc/arm-none-eabi/11.3.1/thumb/v7e-m+fp/hard/crtn.o
 *(.fini)
 .fini          0x0000000008006efc        0x4 C:/ST/STM32CubeIDE_1.13.2/STM32CubeIDE/plugins/com.st.stm32cube.ide.mcu.externaltools.gnu-tools-for-stm32.11.3.rel1.win32_1.1.1.202309131626/tools/bin/../lib/gcc/arm-none-eabi/11.3.1/thumb/v7e-m+fp/hard/crti.o
                0x0000000008006efc                _fini
 .fini          0x0000000008006f00        0x8 C:/ST/STM32CubeIDE_1.13.2/STM32CubeIDE/plugins/com.st.stm32cube.ide.mcu.externaltools.gnu-tools-for-stm32.11.3.rel1.win32_1.1.1.202309131626/tools/bin/../lib/gcc/arm-none-eabi/11.3.1/thumb/v7e-m+fp/hard/crtn.o
                0x0000000008006f08                . = ALIGN (0x4)
                0x0000000008006f08                _etext = .

.vfp11_veneer   0x0000000008006f08        0x0
 .vfp11_veneer  0x0000000008006f08        0x0 linker stubs

.v4_bx          0x0000000008006f08        0x0
 .v4_bx         0x0000000008006f08        0x0 linker stubs

.iplt           0x0000000008006f08        0x0
 .iplt          0x0000000008006f08        0x0 C:/ST/STM32CubeIDE_1.13.2/STM32CubeIDE/plugins/com.st.stm32cube.ide.mcu.externaltools.gnu-tools-for-stm32.11.3.rel1.win32_1.1.1.202309131626/tools/bin/../lib/gcc/arm-none-eabi/11.3.1/thumb/v7e-m+fp/hard/crtbegin.o

.rodata         0x0000000008006f08       0x7c
                0x0000000008006f08                . = ALIGN (0x4)
 *(.rodata)
 .rodata        0x0000000008006f08       0x30 ./Core/Src/main.o
 *(.rodata*)
 .rodata.AHBPrescTable
                0x0000000008006f38       0x10 ./Core/Src/system_stm32f4xx.o
                0x0000000008006f38                AHBPrescTable
 .rodata.APBPrescTable
                0x0000000008006f48        0x8 ./Core/Src/system_stm32f4xx.o
                0x0000000008006f48                APBPrescTable
 .rodata._svfprintf_r.str1.1
                0x0000000008006f50       0x11 C:/ST/STM32CubeIDE_1.13.2/STM32CubeIDE/plugins/com.st.stm32cube.ide.mcu.externaltools.gnu-tools-for-stm32.11.3.rel1.win32_1.1.1.202309131626/tools/bin/../lib/gcc/arm-none-eabi/11.3.1/../../../../arm-none-eabi/lib/thumb/v7e-m+fp/hard\libc_nano.a(libc_a-nano-svfprintf.o)
 .rodata._printf_i.str1.1
                0x0000000008006f61       0x22 C:/ST/STM32CubeIDE_1.13.2/STM32CubeIDE/plugins/com.st.stm32cube.ide.mcu.externaltools.gnu-tools-for-stm32.11.3.rel1.win32_1.1.1.202309131626/tools/bin/../lib/gcc/arm-none-eabi/11.3.1/../../../../arm-none-eabi/lib/thumb/v7e-m+fp/hard\libc_nano.a(libc_a-nano-vfprintf_i.o)
                0x0000000008006f84                . = ALIGN (0x4)
 *fill*         0x0000000008006f83        0x1 

.ARM.extab      0x0000000008006f84        0x0
                0x0000000008006f84                . = ALIGN (0x4)
 *(.ARM.extab* .gnu.linkonce.armextab.*)
                0x0000000008006f84                . = ALIGN (0x4)

.ARM            0x0000000008006f84        0x8
                0x0000000008006f84                . = ALIGN (0x4)
                0x0000000008006f84                __exidx_start = .
 *(.ARM.exidx*)
 .ARM.exidx     0x0000000008006f84        0x8 C:/ST/STM32CubeIDE_1.13.2/STM32CubeIDE/plugins/com.st.stm32cube.ide.mcu.externaltools.gnu-tools-for-stm32.11.3.rel1.win32_1.1.1.202309131626/tools/bin/../lib/gcc/arm-none-eabi/11.3.1/thumb/v7e-m+fp/hard\libgcc.a(_udivmoddi4.o)
                0x0000000008006f8c                __exidx_end = .
                0x0000000008006f8c                . = ALIGN (0x4)

.rel.dyn        0x0000000008006f8c        0x0
 .rel.iplt      0x0000000008006f8c        0x0 C:/ST/STM32CubeIDE_1.13.2/STM32CubeIDE/plugins/com.st.stm32cube.ide.mcu.externaltools.gnu-tools-for-stm32.11.3.rel1.win32_1.1.1.202309131626/tools/bin/../lib/gcc/arm-none-eabi/11.3.1/thumb/v7e-m+fp/hard/crtbegin.o

.preinit_array  0x0000000008006f8c        0x0
                0x0000000008006f8c                . = ALIGN (0x4)
                0x0000000008006f8c                PROVIDE (__preinit_array_start = .)
 *(.preinit_array*)
                0x0000000008006f8c                PROVIDE (__preinit_array_end = .)
                0x0000000008006f8c                . = ALIGN (0x4)

.init_array     0x0000000008006f8c        0x4
                0x0000000008006f8c                . = ALIGN (0x4)
                0x0000000008006f8c                PROVIDE (__init_array_start = .)
 *(SORT_BY_NAME(.init_array.*))
 *(.init_array*)
 .init_array    0x0000000008006f8c        0x4 C:/ST/STM32CubeIDE_1.13.2/STM32CubeIDE/plugins/com.st.stm32cube.ide.mcu.externaltools.gnu-tools-for-stm32.11.3.rel1.win32_1.1.1.202309131626/tools/bin/../lib/gcc/arm-none-eabi/11.3.1/thumb/v7e-m+fp/hard/crtbegin.o
                0x0000000008006f90                PROVIDE (__init_array_end = .)
                0x0000000008006f90                . = ALIGN (0x4)

.fini_array     0x0000000008006f90        0x4
                0x0000000008006f90                . = ALIGN (0x4)
                [!provide]                        PROVIDE (__fini_array_start = .)
 *(SORT_BY_NAME(.fini_array.*))
 *(.fini_array*)
 .fini_array    0x0000000008006f90        0x4 C:/ST/STM32CubeIDE_1.13.2/STM32CubeIDE/plugins/com.st.stm32cube.ide.mcu.externaltools.gnu-tools-for-stm32.11.3.rel1.win32_1.1.1.202309131626/tools/bin/../lib/gcc/arm-none-eabi/11.3.1/thumb/v7e-m+fp/hard/crtbegin.o
                [!provide]                        PROVIDE (__fini_array_end = .)
                0x0000000008006f94                . = ALIGN (0x4)
                0x0000000008006f94                _sidata = LOADADDR (.data)

.data           0x0000000020000000       0x60 load address 0x0000000008006f94
                0x0000000020000000                . = ALIGN (0x4)
                0x0000000020000000                _sdata = .
 *(.data)
 *(.data*)
 .data.currentpulse
                0x0000000020000000        0x4 ./Core/Src/servo.o
 .data.SystemCoreClock
                0x0000000020000004        0x4 ./Core/Src/system_stm32f4xx.o
                0x0000000020000004                SystemCoreClock
 .data.uwTickPrio
                0x0000000020000008        0x4 ./Drivers/STM32F4xx_HAL_Driver/Src/stm32f4xx_hal.o
                0x0000000020000008                uwTickPrio
 .data.uwTickFreq
                0x000000002000000c        0x1 ./Drivers/STM32F4xx_HAL_Driver/Src/stm32f4xx_hal.o
                0x000000002000000c                uwTickFreq
 *fill*         0x000000002000000d        0x3 
 .data._impure_data
                0x0000000020000010       0x4c C:/ST/STM32CubeIDE_1.13.2/STM32CubeIDE/plugins/com.st.stm32cube.ide.mcu.externaltools.gnu-tools-for-stm32.11.3.rel1.win32_1.1.1.202309131626/tools/bin/../lib/gcc/arm-none-eabi/11.3.1/../../../../arm-none-eabi/lib/thumb/v7e-m+fp/hard\libc_nano.a(libc_a-impure.o)
                0x0000000020000010                _impure_data
 .data._impure_ptr
                0x000000002000005c        0x4 C:/ST/STM32CubeIDE_1.13.2/STM32CubeIDE/plugins/com.st.stm32cube.ide.mcu.externaltools.gnu-tools-for-stm32.11.3.rel1.win32_1.1.1.202309131626/tools/bin/../lib/gcc/arm-none-eabi/11.3.1/../../../../arm-none-eabi/lib/thumb/v7e-m+fp/hard\libc_nano.a(libc_a-impure.o)
                0x000000002000005c                _impure_ptr
 *(.RamFunc)
 *(.RamFunc*)
                0x0000000020000060                . = ALIGN (0x4)
                0x0000000020000060                _edata = .
                0x0000000008006ff4                _siccmram = LOADADDR (.ccmram)

.igot.plt       0x0000000020000060        0x0 load address 0x0000000008006ff4
 .igot.plt      0x0000000020000060        0x0 C:/ST/STM32CubeIDE_1.13.2/STM32CubeIDE/plugins/com.st.stm32cube.ide.mcu.externaltools.gnu-tools-for-stm32.11.3.rel1.win32_1.1.1.202309131626/tools/bin/../lib/gcc/arm-none-eabi/11.3.1/thumb/v7e-m+fp/hard/crtbegin.o

.ccmram         0x0000000010000000        0x0 load address 0x0000000008006ff4
                0x0000000010000000                . = ALIGN (0x4)
                0x0000000010000000                _sccmram = .
 *(.ccmram)
 *(.ccmram*)
                0x0000000010000000                . = ALIGN (0x4)
                0x0000000010000000                _eccmram = .
                0x0000000010000000                . = ALIGN (0x4)

.bss            0x0000000020000060      0xa6c
                0x0000000020000060                _sbss = .
                0x0000000020000060                __bss_start__ = _sbss
 *(.bss)
 .bss           0x0000000020000060       0x1c C:/ST/STM32CubeIDE_1.13.2/STM32CubeIDE/plugins/com.st.stm32cube.ide.mcu.externaltools.gnu-tools-for-stm32.11.3.rel1.win32_1.1.1.202309131626/tools/bin/../lib/gcc/arm-none-eabi/11.3.1/thumb/v7e-m+fp/hard/crtbegin.o
 *(.bss*)
 .bss.TxConfig  0x000000002000007c       0x38 ./Core/Src/main.o
                0x000000002000007c                TxConfig
 .bss.DMARxDscrTab
                0x00000000200000b4       0xa0 ./Core/Src/main.o
                0x00000000200000b4                DMARxDscrTab
 .bss.DMATxDscrTab
                0x0000000020000154       0xa0 ./Core/Src/main.o
                0x0000000020000154                DMATxDscrTab
 .bss.hadc1     0x00000000200001f4       0x48 ./Core/Src/main.o
                0x00000000200001f4                hadc1
 .bss.hadc2     0x000000002000023c       0x48 ./Core/Src/main.o
                0x000000002000023c                hadc2
 .bss.hadc3     0x0000000020000284       0x48 ./Core/Src/main.o
                0x0000000020000284                hadc3
 .bss.heth      0x00000000200002cc       0xb0 ./Core/Src/main.o
                0x00000000200002cc                heth
 .bss.hi2c2     0x000000002000037c       0x54 ./Core/Src/main.o
                0x000000002000037c                hi2c2
 .bss.htim2     0x00000000200003d0       0x48 ./Core/Src/main.o
                0x00000000200003d0                htim2
 .bss.huart3    0x0000000020000418       0x44 ./Core/Src/main.o
                0x0000000020000418                huart3
 .bss.hpcd_USB_OTG_FS
                0x000000002000045c      0x50c ./Core/Src/main.o
                0x000000002000045c                hpcd_USB_OTG_FS
 .bss.MACAddr.0
                0x0000000020000968        0x6 ./Core/Src/main.o
 *fill*         0x000000002000096e        0x2 
 .bss.timhandle
                0x0000000020000970        0x4 ./Core/Src/servo.o
 .bss.channel   0x0000000020000974        0x4 ./Core/Src/servo.o
 .bss.servospeed
                0x0000000020000978        0x4 ./Core/Src/servo.o
 .bss.__sbrk_heap_end
                0x000000002000097c        0x4 ./Core/Src/sysmem.o
 .bss.uwTick    0x0000000020000980        0x4 ./Drivers/STM32F4xx_HAL_Driver/Src/stm32f4xx_hal.o
                0x0000000020000980                uwTick
 .bss.__sf      0x0000000020000984      0x138 C:/ST/STM32CubeIDE_1.13.2/STM32CubeIDE/plugins/com.st.stm32cube.ide.mcu.externaltools.gnu-tools-for-stm32.11.3.rel1.win32_1.1.1.202309131626/tools/bin/../lib/gcc/arm-none-eabi/11.3.1/../../../../arm-none-eabi/lib/thumb/v7e-m+fp/hard\libc_nano.a(libc_a-findfp.o)
                0x0000000020000984                __sf
 .bss.errno     0x0000000020000abc        0x4 C:/ST/STM32CubeIDE_1.13.2/STM32CubeIDE/plugins/com.st.stm32cube.ide.mcu.externaltools.gnu-tools-for-stm32.11.3.rel1.win32_1.1.1.202309131626/tools/bin/../lib/gcc/arm-none-eabi/11.3.1/../../../../arm-none-eabi/lib/thumb/v7e-m+fp/hard\libc_nano.a(libc_a-reent.o)
                0x0000000020000abc                errno
 .bss.__lock___malloc_recursive_mutex
                0x0000000020000ac0        0x1 C:/ST/STM32CubeIDE_1.13.2/STM32CubeIDE/plugins/com.st.stm32cube.ide.mcu.externaltools.gnu-tools-for-stm32.11.3.rel1.win32_1.1.1.202309131626/tools/bin/../lib/gcc/arm-none-eabi/11.3.1/../../../../arm-none-eabi/lib/thumb/v7e-m+fp/hard\libc_nano.a(libc_a-lock.o)
                0x0000000020000ac0                __lock___malloc_recursive_mutex
 *fill*         0x0000000020000ac1        0x3 
 .bss.__malloc_free_list
                0x0000000020000ac4        0x4 C:/ST/STM32CubeIDE_1.13.2/STM32CubeIDE/plugins/com.st.stm32cube.ide.mcu.externaltools.gnu-tools-for-stm32.11.3.rel1.win32_1.1.1.202309131626/tools/bin/../lib/gcc/arm-none-eabi/11.3.1/../../../../arm-none-eabi/lib/thumb/v7e-m+fp/hard\libc_nano.a(libc_a-mallocr.o)
                0x0000000020000ac4                __malloc_free_list
 .bss.__malloc_sbrk_start
                0x0000000020000ac8        0x4 C:/ST/STM32CubeIDE_1.13.2/STM32CubeIDE/plugins/com.st.stm32cube.ide.mcu.externaltools.gnu-tools-for-stm32.11.3.rel1.win32_1.1.1.202309131626/tools/bin/../lib/gcc/arm-none-eabi/11.3.1/../../../../arm-none-eabi/lib/thumb/v7e-m+fp/hard\libc_nano.a(libc_a-mallocr.o)
                0x0000000020000ac8                __malloc_sbrk_start
 *(COMMON)
                0x0000000020000acc                . = ALIGN (0x4)
                0x0000000020000acc                _ebss = .
                0x0000000020000acc                __bss_end__ = _ebss

._user_heap_stack
                0x0000000020000acc      0x604
                0x0000000020000ad0                . = ALIGN (0x8)
 *fill*         0x0000000020000acc        0x4 
                [!provide]                        PROVIDE (end = .)
                0x0000000020000ad0                PROVIDE (_end = .)
                0x0000000020000cd0                . = (. + _Min_Heap_Size)
 *fill*         0x0000000020000ad0      0x200 
                0x00000000200010d0                . = (. + _Min_Stack_Size)
 *fill*         0x0000000020000cd0      0x400 
                0x00000000200010d0                . = ALIGN (0x8)

/DISCARD/
 libc.a(*)
 libm.a(*)
 libgcc.a(*)

.ARM.attributes
                0x0000000000000000       0x30
 *(.ARM.attributes)
 .ARM.attributes
                0x0000000000000000       0x1e C:/ST/STM32CubeIDE_1.13.2/STM32CubeIDE/plugins/com.st.stm32cube.ide.mcu.externaltools.gnu-tools-for-stm32.11.3.rel1.win32_1.1.1.202309131626/tools/bin/../lib/gcc/arm-none-eabi/11.3.1/thumb/v7e-m+fp/hard/crti.o
 .ARM.attributes
                0x000000000000001e       0x34 C:/ST/STM32CubeIDE_1.13.2/STM32CubeIDE/plugins/com.st.stm32cube.ide.mcu.externaltools.gnu-tools-for-stm32.11.3.rel1.win32_1.1.1.202309131626/tools/bin/../lib/gcc/arm-none-eabi/11.3.1/thumb/v7e-m+fp/hard/crtbegin.o
 .ARM.attributes
                0x0000000000000052       0x34 ./Core/Src/lcd.o
 .ARM.attributes
                0x0000000000000086       0x34 ./Core/Src/ldr.o
 .ARM.attributes
                0x00000000000000ba       0x34 ./Core/Src/main.o
 .ARM.attributes
                0x00000000000000ee       0x34 ./Core/Src/servo.o
 .ARM.attributes
                0x0000000000000122       0x34 ./Core/Src/stm32f4xx_hal_msp.o
 .ARM.attributes
                0x0000000000000156       0x34 ./Core/Src/stm32f4xx_it.o
 .ARM.attributes
                0x000000000000018a       0x34 ./Core/Src/sysmem.o
 .ARM.attributes
                0x00000000000001be       0x34 ./Core/Src/system_stm32f4xx.o
 .ARM.attributes
                0x00000000000001f2       0x21 ./Core/Startup/startup_stm32f429zitx.o
 .ARM.attributes
                0x0000000000000213       0x34 ./Drivers/STM32F4xx_HAL_Driver/Src/stm32f4xx_hal.o
 .ARM.attributes
                0x0000000000000247       0x34 ./Drivers/STM32F4xx_HAL_Driver/Src/stm32f4xx_hal_adc.o
 .ARM.attributes
                0x000000000000027b       0x34 ./Drivers/STM32F4xx_HAL_Driver/Src/stm32f4xx_hal_cortex.o
 .ARM.attributes
                0x00000000000002af       0x34 ./Drivers/STM32F4xx_HAL_Driver/Src/stm32f4xx_hal_eth.o
 .ARM.attributes
                0x00000000000002e3       0x34 ./Drivers/STM32F4xx_HAL_Driver/Src/stm32f4xx_hal_gpio.o
 .ARM.attributes
                0x0000000000000317       0x34 ./Drivers/STM32F4xx_HAL_Driver/Src/stm32f4xx_hal_i2c.o
 .ARM.attributes
                0x000000000000034b       0x34 ./Drivers/STM32F4xx_HAL_Driver/Src/stm32f4xx_hal_i2c_ex.o
 .ARM.attributes
                0x000000000000037f       0x34 ./Drivers/STM32F4xx_HAL_Driver/Src/stm32f4xx_hal_pcd.o
 .ARM.attributes
                0x00000000000003b3       0x34 ./Drivers/STM32F4xx_HAL_Driver/Src/stm32f4xx_hal_rcc.o
 .ARM.attributes
                0x00000000000003e7       0x34 ./Drivers/STM32F4xx_HAL_Driver/Src/stm32f4xx_hal_tim.o
 .ARM.attributes
                0x000000000000041b       0x34 ./Drivers/STM32F4xx_HAL_Driver/Src/stm32f4xx_hal_tim_ex.o
 .ARM.attributes
                0x000000000000044f       0x34 ./Drivers/STM32F4xx_HAL_Driver/Src/stm32f4xx_hal_uart.o
 .ARM.attributes
                0x0000000000000483       0x34 ./Drivers/STM32F4xx_HAL_Driver/Src/stm32f4xx_ll_usb.o
 .ARM.attributes
                0x00000000000004b7       0x34 C:/ST/STM32CubeIDE_1.13.2/STM32CubeIDE/plugins/com.st.stm32cube.ide.mcu.externaltools.gnu-tools-for-stm32.11.3.rel1.win32_1.1.1.202309131626/tools/bin/../lib/gcc/arm-none-eabi/11.3.1/../../../../arm-none-eabi/lib/thumb/v7e-m+fp/hard\libc_nano.a(libc_a-findfp.o)
 .ARM.attributes
                0x00000000000004eb       0x34 C:/ST/STM32CubeIDE_1.13.2/STM32CubeIDE/plugins/com.st.stm32cube.ide.mcu.externaltools.gnu-tools-for-stm32.11.3.rel1.win32_1.1.1.202309131626/tools/bin/../lib/gcc/arm-none-eabi/11.3.1/../../../../arm-none-eabi/lib/thumb/v7e-m+fp/hard\libc_nano.a(libc_a-sprintf.o)
 .ARM.attributes
                0x000000000000051f       0x34 C:/ST/STM32CubeIDE_1.13.2/STM32CubeIDE/plugins/com.st.stm32cube.ide.mcu.externaltools.gnu-tools-for-stm32.11.3.rel1.win32_1.1.1.202309131626/tools/bin/../lib/gcc/arm-none-eabi/11.3.1/../../../../arm-none-eabi/lib/thumb/v7e-m+fp/hard\libc_nano.a(libc_a-vsnprintf.o)
 .ARM.attributes
                0x0000000000000553       0x34 C:/ST/STM32CubeIDE_1.13.2/STM32CubeIDE/plugins/com.st.stm32cube.ide.mcu.externaltools.gnu-tools-for-stm32.11.3.rel1.win32_1.1.1.202309131626/tools/bin/../lib/gcc/arm-none-eabi/11.3.1/../../../../arm-none-eabi/lib/thumb/v7e-m+fp/hard\libc_nano.a(libc_a-memset.o)
 .ARM.attributes
                0x0000000000000587       0x34 C:/ST/STM32CubeIDE_1.13.2/STM32CubeIDE/plugins/com.st.stm32cube.ide.mcu.externaltools.gnu-tools-for-stm32.11.3.rel1.win32_1.1.1.202309131626/tools/bin/../lib/gcc/arm-none-eabi/11.3.1/../../../../arm-none-eabi/lib/thumb/v7e-m+fp/hard\libc_nano.a(libc_a-reent.o)
 .ARM.attributes
                0x00000000000005bb       0x34 C:/ST/STM32CubeIDE_1.13.2/STM32CubeIDE/plugins/com.st.stm32cube.ide.mcu.externaltools.gnu-tools-for-stm32.11.3.rel1.win32_1.1.1.202309131626/tools/bin/../lib/gcc/arm-none-eabi/11.3.1/../../../../arm-none-eabi/lib/thumb/v7e-m+fp/hard\libc_nano.a(libc_a-impure.o)
 .ARM.attributes
                0x00000000000005ef       0x34 C:/ST/STM32CubeIDE_1.13.2/STM32CubeIDE/plugins/com.st.stm32cube.ide.mcu.externaltools.gnu-tools-for-stm32.11.3.rel1.win32_1.1.1.202309131626/tools/bin/../lib/gcc/arm-none-eabi/11.3.1/../../../../arm-none-eabi/lib/thumb/v7e-m+fp/hard\libc_nano.a(libc_a-errno.o)
 .ARM.attributes
                0x0000000000000623       0x34 C:/ST/STM32CubeIDE_1.13.2/STM32CubeIDE/plugins/com.st.stm32cube.ide.mcu.externaltools.gnu-tools-for-stm32.11.3.rel1.win32_1.1.1.202309131626/tools/bin/../lib/gcc/arm-none-eabi/11.3.1/../../../../arm-none-eabi/lib/thumb/v7e-m+fp/hard\libc_nano.a(libc_a-init.o)
 .ARM.attributes
                0x0000000000000657       0x34 C:/ST/STM32CubeIDE_1.13.2/STM32CubeIDE/plugins/com.st.stm32cube.ide.mcu.externaltools.gnu-tools-for-stm32.11.3.rel1.win32_1.1.1.202309131626/tools/bin/../lib/gcc/arm-none-eabi/11.3.1/../../../../arm-none-eabi/lib/thumb/v7e-m+fp/hard\libc_nano.a(libc_a-lock.o)
 .ARM.attributes
                0x000000000000068b       0x17 C:/ST/STM32CubeIDE_1.13.2/STM32CubeIDE/plugins/com.st.stm32cube.ide.mcu.externaltools.gnu-tools-for-stm32.11.3.rel1.win32_1.1.1.202309131626/tools/bin/../lib/gcc/arm-none-eabi/11.3.1/../../../../arm-none-eabi/lib/thumb/v7e-m+fp/hard\libc_nano.a(libc_a-strlen.o)
 .ARM.attributes
                0x00000000000006a2       0x34 C:/ST/STM32CubeIDE_1.13.2/STM32CubeIDE/plugins/com.st.stm32cube.ide.mcu.externaltools.gnu-tools-for-stm32.11.3.rel1.win32_1.1.1.202309131626/tools/bin/../lib/gcc/arm-none-eabi/11.3.1/../../../../arm-none-eabi/lib/thumb/v7e-m+fp/hard\libc_nano.a(libc_a-freer.o)
 .ARM.attributes
                0x00000000000006d6       0x34 C:/ST/STM32CubeIDE_1.13.2/STM32CubeIDE/plugins/com.st.stm32cube.ide.mcu.externaltools.gnu-tools-for-stm32.11.3.rel1.win32_1.1.1.202309131626/tools/bin/../lib/gcc/arm-none-eabi/11.3.1/../../../../arm-none-eabi/lib/thumb/v7e-m+fp/hard\libc_nano.a(libc_a-mallocr.o)
 .ARM.attributes
                0x000000000000070a       0x34 C:/ST/STM32CubeIDE_1.13.2/STM32CubeIDE/plugins/com.st.stm32cube.ide.mcu.externaltools.gnu-tools-for-stm32.11.3.rel1.win32_1.1.1.202309131626/tools/bin/../lib/gcc/arm-none-eabi/11.3.1/../../../../arm-none-eabi/lib/thumb/v7e-m+fp/hard\libc_nano.a(libc_a-mlock.o)
 .ARM.attributes
                0x000000000000073e       0x34 C:/ST/STM32CubeIDE_1.13.2/STM32CubeIDE/plugins/com.st.stm32cube.ide.mcu.externaltools.gnu-tools-for-stm32.11.3.rel1.win32_1.1.1.202309131626/tools/bin/../lib/gcc/arm-none-eabi/11.3.1/../../../../arm-none-eabi/lib/thumb/v7e-m+fp/hard\libc_nano.a(libc_a-nano-svfprintf.o)
 .ARM.attributes
                0x0000000000000772       0x34 C:/ST/STM32CubeIDE_1.13.2/STM32CubeIDE/plugins/com.st.stm32cube.ide.mcu.externaltools.gnu-tools-for-stm32.11.3.rel1.win32_1.1.1.202309131626/tools/bin/../lib/gcc/arm-none-eabi/11.3.1/../../../../arm-none-eabi/lib/thumb/v7e-m+fp/hard\libc_nano.a(libc_a-nano-vfprintf_i.o)
 .ARM.attributes
                0x00000000000007a6       0x34 C:/ST/STM32CubeIDE_1.13.2/STM32CubeIDE/plugins/com.st.stm32cube.ide.mcu.externaltools.gnu-tools-for-stm32.11.3.rel1.win32_1.1.1.202309131626/tools/bin/../lib/gcc/arm-none-eabi/11.3.1/../../../../arm-none-eabi/lib/thumb/v7e-m+fp/hard\libc_nano.a(libc_a-memmove.o)
 .ARM.attributes
                0x00000000000007da       0x34 C:/ST/STM32CubeIDE_1.13.2/STM32CubeIDE/plugins/com.st.stm32cube.ide.mcu.externaltools.gnu-tools-for-stm32.11.3.rel1.win32_1.1.1.202309131626/tools/bin/../lib/gcc/arm-none-eabi/11.3.1/../../../../arm-none-eabi/lib/thumb/v7e-m+fp/hard\libc_nano.a(libc_a-sbrkr.o)
 .ARM.attributes
                0x000000000000080e       0x1c C:/ST/STM32CubeIDE_1.13.2/STM32CubeIDE/plugins/com.st.stm32cube.ide.mcu.externaltools.gnu-tools-for-stm32.11.3.rel1.win32_1.1.1.202309131626/tools/bin/../lib/gcc/arm-none-eabi/11.3.1/../../../../arm-none-eabi/lib/thumb/v7e-m+fp/hard\libc_nano.a(libc_a-memchr.o)
 .ARM.attributes
                0x000000000000082a       0x34 C:/ST/STM32CubeIDE_1.13.2/STM32CubeIDE/plugins/com.st.stm32cube.ide.mcu.externaltools.gnu-tools-for-stm32.11.3.rel1.win32_1.1.1.202309131626/tools/bin/../lib/gcc/arm-none-eabi/11.3.1/../../../../arm-none-eabi/lib/thumb/v7e-m+fp/hard\libc_nano.a(libc_a-memcpy-stub.o)
 .ARM.attributes
                0x000000000000085e       0x34 C:/ST/STM32CubeIDE_1.13.2/STM32CubeIDE/plugins/com.st.stm32cube.ide.mcu.externaltools.gnu-tools-for-stm32.11.3.rel1.win32_1.1.1.202309131626/tools/bin/../lib/gcc/arm-none-eabi/11.3.1/../../../../arm-none-eabi/lib/thumb/v7e-m+fp/hard\libc_nano.a(libc_a-reallocr.o)
 .ARM.attributes
                0x0000000000000892       0x34 C:/ST/STM32CubeIDE_1.13.2/STM32CubeIDE/plugins/com.st.stm32cube.ide.mcu.externaltools.gnu-tools-for-stm32.11.3.rel1.win32_1.1.1.202309131626/tools/bin/../lib/gcc/arm-none-eabi/11.3.1/../../../../arm-none-eabi/lib/thumb/v7e-m+fp/hard\libc_nano.a(libc_a-msizer.o)
 .ARM.attributes
                0x00000000000008c6       0x1e C:/ST/STM32CubeIDE_1.13.2/STM32CubeIDE/plugins/com.st.stm32cube.ide.mcu.externaltools.gnu-tools-for-stm32.11.3.rel1.win32_1.1.1.202309131626/tools/bin/../lib/gcc/arm-none-eabi/11.3.1/thumb/v7e-m+fp/hard\libgcc.a(_aeabi_uldivmod.o)
 .ARM.attributes
                0x00000000000008e4       0x34 C:/ST/STM32CubeIDE_1.13.2/STM32CubeIDE/plugins/com.st.stm32cube.ide.mcu.externaltools.gnu-tools-for-stm32.11.3.rel1.win32_1.1.1.202309131626/tools/bin/../lib/gcc/arm-none-eabi/11.3.1/thumb/v7e-m+fp/hard\libgcc.a(_udivmoddi4.o)
 .ARM.attributes
                0x0000000000000918       0x1e C:/ST/STM32CubeIDE_1.13.2/STM32CubeIDE/plugins/com.st.stm32cube.ide.mcu.externaltools.gnu-tools-for-stm32.11.3.rel1.win32_1.1.1.202309131626/tools/bin/../lib/gcc/arm-none-eabi/11.3.1/thumb/v7e-m+fp/hard\libgcc.a(_dvmd_tls.o)
 .ARM.attributes
                0x0000000000000936       0x1e C:/ST/STM32CubeIDE_1.13.2/STM32CubeIDE/plugins/com.st.stm32cube.ide.mcu.externaltools.gnu-tools-for-stm32.11.3.rel1.win32_1.1.1.202309131626/tools/bin/../lib/gcc/arm-none-eabi/11.3.1/thumb/v7e-m+fp/hard/crtn.o
OUTPUT(prototypsolar.elf elf32-littlearm)
LOAD linker stubs
LOAD C:/ST/STM32CubeIDE_1.13.2/STM32CubeIDE/plugins/com.st.stm32cube.ide.mcu.externaltools.gnu-tools-for-stm32.11.3.rel1.win32_1.1.1.202309131626/tools/bin/../lib/gcc/arm-none-eabi/11.3.1/../../../../arm-none-eabi/lib/thumb/v7e-m+fp/hard\libc.a
LOAD C:/ST/STM32CubeIDE_1.13.2/STM32CubeIDE/plugins/com.st.stm32cube.ide.mcu.externaltools.gnu-tools-for-stm32.11.3.rel1.win32_1.1.1.202309131626/tools/bin/../lib/gcc/arm-none-eabi/11.3.1/../../../../arm-none-eabi/lib/thumb/v7e-m+fp/hard\libm.a
LOAD C:/ST/STM32CubeIDE_1.13.2/STM32CubeIDE/plugins/com.st.stm32cube.ide.mcu.externaltools.gnu-tools-for-stm32.11.3.rel1.win32_1.1.1.202309131626/tools/bin/../lib/gcc/arm-none-eabi/11.3.1/thumb/v7e-m+fp/hard\libgcc.a

.comment        0x0000000000000000       0x43
 .comment       0x0000000000000000       0x43 C:/ST/STM32CubeIDE_1.13.2/STM32CubeIDE/plugins/com.st.stm32cube.ide.mcu.externaltools.gnu-tools-for-stm32.11.3.rel1.win32_1.1.1.202309131626/tools/bin/../lib/gcc/arm-none-eabi/11.3.1/thumb/v7e-m+fp/hard/crtbegin.o
                                         0x44 (size before relaxing)
 .comment       0x0000000000000043       0x44 ./Core/Src/lcd.o
 .comment       0x0000000000000043       0x44 ./Core/Src/ldr.o
 .comment       0x0000000000000043       0x44 ./Core/Src/main.o
 .comment       0x0000000000000043       0x44 ./Core/Src/servo.o
 .comment       0x0000000000000043       0x44 ./Core/Src/stm32f4xx_hal_msp.o
 .comment       0x0000000000000043       0x44 ./Core/Src/stm32f4xx_it.o
 .comment       0x0000000000000043       0x44 ./Core/Src/sysmem.o
 .comment       0x0000000000000043       0x44 ./Core/Src/system_stm32f4xx.o
 .comment       0x0000000000000043       0x44 ./Drivers/STM32F4xx_HAL_Driver/Src/stm32f4xx_hal.o
 .comment       0x0000000000000043       0x44 ./Drivers/STM32F4xx_HAL_Driver/Src/stm32f4xx_hal_adc.o
 .comment       0x0000000000000043       0x44 ./Drivers/STM32F4xx_HAL_Driver/Src/stm32f4xx_hal_cortex.o
 .comment       0x0000000000000043       0x44 ./Drivers/STM32F4xx_HAL_Driver/Src/stm32f4xx_hal_eth.o
 .comment       0x0000000000000043       0x44 ./Drivers/STM32F4xx_HAL_Driver/Src/stm32f4xx_hal_gpio.o
 .comment       0x0000000000000043       0x44 ./Drivers/STM32F4xx_HAL_Driver/Src/stm32f4xx_hal_i2c.o
 .comment       0x0000000000000043       0x44 ./Drivers/STM32F4xx_HAL_Driver/Src/stm32f4xx_hal_i2c_ex.o
 .comment       0x0000000000000043       0x44 ./Drivers/STM32F4xx_HAL_Driver/Src/stm32f4xx_hal_pcd.o
 .comment       0x0000000000000043       0x44 ./Drivers/STM32F4xx_HAL_Driver/Src/stm32f4xx_hal_rcc.o
 .comment       0x0000000000000043       0x44 ./Drivers/STM32F4xx_HAL_Driver/Src/stm32f4xx_hal_tim.o
 .comment       0x0000000000000043       0x44 ./Drivers/STM32F4xx_HAL_Driver/Src/stm32f4xx_hal_tim_ex.o
 .comment       0x0000000000000043       0x44 ./Drivers/STM32F4xx_HAL_Driver/Src/stm32f4xx_hal_uart.o
 .comment       0x0000000000000043       0x44 ./Drivers/STM32F4xx_HAL_Driver/Src/stm32f4xx_ll_usb.o

.debug_info     0x0000000000000000    0x19230
 .debug_info    0x0000000000000000      0x9ea ./Core/Src/lcd.o
 .debug_info    0x00000000000009ea      0xa5d ./Core/Src/ldr.o
 .debug_info    0x0000000000001447     0x2926 ./Core/Src/main.o
 .debug_info    0x0000000000003d6d      0x855 ./Core/Src/servo.o
 .debug_info    0x00000000000045c2     0x2475 ./Core/Src/stm32f4xx_hal_msp.o
 .debug_info    0x0000000000006a37      0x6e1 ./Core/Src/stm32f4xx_it.o
 .debug_info    0x0000000000007118      0x168 ./Core/Src/sysmem.o
 .debug_info    0x0000000000007280      0x52e ./Core/Src/system_stm32f4xx.o
 .debug_info    0x00000000000077ae       0x23 ./Core/Startup/startup_stm32f429zitx.o
 .debug_info    0x00000000000077d1      0x9be ./Drivers/STM32F4xx_HAL_Driver/Src/stm32f4xx_hal.o
 .debug_info    0x000000000000818f      0xcd4 ./Drivers/STM32F4xx_HAL_Driver/Src/stm32f4xx_hal_adc.o
 .debug_info    0x0000000000008e63      0xd7c ./Drivers/STM32F4xx_HAL_Driver/Src/stm32f4xx_hal_cortex.o
 .debug_info    0x0000000000009bdf     0x2069 ./Drivers/STM32F4xx_HAL_Driver/Src/stm32f4xx_hal_eth.o
 .debug_info    0x000000000000bc48      0x6db ./Drivers/STM32F4xx_HAL_Driver/Src/stm32f4xx_hal_gpio.o
 .debug_info    0x000000000000c323     0x23ed ./Drivers/STM32F4xx_HAL_Driver/Src/stm32f4xx_hal_i2c.o
 .debug_info    0x000000000000e710      0x672 ./Drivers/STM32F4xx_HAL_Driver/Src/stm32f4xx_hal_i2c_ex.o
 .debug_info    0x000000000000ed82     0x1541 ./Drivers/STM32F4xx_HAL_Driver/Src/stm32f4xx_hal_pcd.o
 .debug_info    0x00000000000102c3      0x8c9 ./Drivers/STM32F4xx_HAL_Driver/Src/stm32f4xx_hal_rcc.o
 .debug_info    0x0000000000010b8c     0x2948 ./Drivers/STM32F4xx_HAL_Driver/Src/stm32f4xx_hal_tim.o
 .debug_info    0x00000000000134d4     0x14ae ./Drivers/STM32F4xx_HAL_Driver/Src/stm32f4xx_hal_tim_ex.o
 .debug_info    0x0000000000014982     0x2fb8 ./Drivers/STM32F4xx_HAL_Driver/Src/stm32f4xx_hal_uart.o
 .debug_info    0x000000000001793a     0x18f6 ./Drivers/STM32F4xx_HAL_Driver/Src/stm32f4xx_ll_usb.o

.debug_abbrev   0x0000000000000000     0x2fa9
 .debug_abbrev  0x0000000000000000      0x1ea ./Core/Src/lcd.o
 .debug_abbrev  0x00000000000001ea      0x1fc ./Core/Src/ldr.o
 .debug_abbrev  0x00000000000003e6      0x346 ./Core/Src/main.o
 .debug_abbrev  0x000000000000072c      0x213 ./Core/Src/servo.o
 .debug_abbrev  0x000000000000093f      0x273 ./Core/Src/stm32f4xx_hal_msp.o
 .debug_abbrev  0x0000000000000bb2      0x192 ./Core/Src/stm32f4xx_it.o
 .debug_abbrev  0x0000000000000d44       0xbc ./Core/Src/sysmem.o
 .debug_abbrev  0x0000000000000e00      0x11a ./Core/Src/system_stm32f4xx.o
 .debug_abbrev  0x0000000000000f1a       0x12 ./Core/Startup/startup_stm32f429zitx.o
 .debug_abbrev  0x0000000000000f2c      0x213 ./Drivers/STM32F4xx_HAL_Driver/Src/stm32f4xx_hal.o
 .debug_abbrev  0x000000000000113f      0x252 ./Drivers/STM32F4xx_HAL_Driver/Src/stm32f4xx_hal_adc.o
 .debug_abbrev  0x0000000000001391      0x327 ./Drivers/STM32F4xx_HAL_Driver/Src/stm32f4xx_hal_cortex.o
 .debug_abbrev  0x00000000000016b8      0x2ec ./Drivers/STM32F4xx_HAL_Driver/Src/stm32f4xx_hal_eth.o
 .debug_abbrev  0x00000000000019a4      0x1d4 ./Drivers/STM32F4xx_HAL_Driver/Src/stm32f4xx_hal_gpio.o
 .debug_abbrev  0x0000000000001b78      0x2ad ./Drivers/STM32F4xx_HAL_Driver/Src/stm32f4xx_hal_i2c.o
 .debug_abbrev  0x0000000000001e25      0x157 ./Drivers/STM32F4xx_HAL_Driver/Src/stm32f4xx_hal_i2c_ex.o
 .debug_abbrev  0x0000000000001f7c      0x2d0 ./Drivers/STM32F4xx_HAL_Driver/Src/stm32f4xx_hal_pcd.o
 .debug_abbrev  0x000000000000224c      0x2b6 ./Drivers/STM32F4xx_HAL_Driver/Src/stm32f4xx_hal_rcc.o
 .debug_abbrev  0x0000000000002502      0x271 ./Drivers/STM32F4xx_HAL_Driver/Src/stm32f4xx_hal_tim.o
 .debug_abbrev  0x0000000000002773      0x27c ./Drivers/STM32F4xx_HAL_Driver/Src/stm32f4xx_hal_tim_ex.o
 .debug_abbrev  0x00000000000029ef      0x30e ./Drivers/STM32F4xx_HAL_Driver/Src/stm32f4xx_hal_uart.o
 .debug_abbrev  0x0000000000002cfd      0x2ac ./Drivers/STM32F4xx_HAL_Driver/Src/stm32f4xx_ll_usb.o

.debug_aranges  0x0000000000000000     0x1578
 .debug_aranges
                0x0000000000000000       0x68 ./Core/Src/lcd.o
 .debug_aranges
                0x0000000000000068       0x48 ./Core/Src/ldr.o
 .debug_aranges
                0x00000000000000b0       0x78 ./Core/Src/main.o
 .debug_aranges
                0x0000000000000128       0x48 ./Core/Src/servo.o
 .debug_aranges
                0x0000000000000170       0x88 ./Core/Src/stm32f4xx_hal_msp.o
 .debug_aranges
                0x00000000000001f8       0x68 ./Core/Src/stm32f4xx_it.o
 .debug_aranges
                0x0000000000000260       0x20 ./Core/Src/sysmem.o
 .debug_aranges
                0x0000000000000280       0x28 ./Core/Src/system_stm32f4xx.o
 .debug_aranges
                0x00000000000002a8       0x28 ./Core/Startup/startup_stm32f429zitx.o
 .debug_aranges
                0x00000000000002d0      0x100 ./Drivers/STM32F4xx_HAL_Driver/Src/stm32f4xx_hal.o
 .debug_aranges
                0x00000000000003d0       0xe8 ./Drivers/STM32F4xx_HAL_Driver/Src/stm32f4xx_hal_adc.o
 .debug_aranges
                0x00000000000004b8      0x118 ./Drivers/STM32F4xx_HAL_Driver/Src/stm32f4xx_hal_cortex.o
 .debug_aranges
                0x00000000000005d0      0x1e0 ./Drivers/STM32F4xx_HAL_Driver/Src/stm32f4xx_hal_eth.o
 .debug_aranges
                0x00000000000007b0       0x58 ./Drivers/STM32F4xx_HAL_Driver/Src/stm32f4xx_hal_gpio.o
 .debug_aranges
                0x0000000000000808      0x2a0 ./Drivers/STM32F4xx_HAL_Driver/Src/stm32f4xx_hal_i2c.o
 .debug_aranges
                0x0000000000000aa8       0x28 ./Drivers/STM32F4xx_HAL_Driver/Src/stm32f4xx_hal_i2c_ex.o
 .debug_aranges
                0x0000000000000ad0      0x148 ./Drivers/STM32F4xx_HAL_Driver/Src/stm32f4xx_hal_pcd.o
 .debug_aranges
                0x0000000000000c18       0x88 ./Drivers/STM32F4xx_HAL_Driver/Src/stm32f4xx_hal_rcc.o
 .debug_aranges
                0x0000000000000ca0      0x3d0 ./Drivers/STM32F4xx_HAL_Driver/Src/stm32f4xx_hal_tim.o
 .debug_aranges
                0x0000000000001070      0x168 ./Drivers/STM32F4xx_HAL_Driver/Src/stm32f4xx_hal_tim_ex.o
 .debug_aranges
                0x00000000000011d8      0x200 ./Drivers/STM32F4xx_HAL_Driver/Src/stm32f4xx_hal_uart.o
 .debug_aranges
                0x00000000000013d8      0x1a0 ./Drivers/STM32F4xx_HAL_Driver/Src/stm32f4xx_ll_usb.o

.debug_rnglists
                0x0000000000000000     0x10ea
 .debug_rnglists
                0x0000000000000000       0x4a ./Core/Src/lcd.o
 .debug_rnglists
                0x000000000000004a       0x33 ./Core/Src/ldr.o
 .debug_rnglists
                0x000000000000007d       0x5e ./Core/Src/main.o
 .debug_rnglists
                0x00000000000000db       0x32 ./Core/Src/servo.o
 .debug_rnglists
                0x000000000000010d       0x67 ./Core/Src/stm32f4xx_hal_msp.o
 .debug_rnglists
                0x0000000000000174       0x49 ./Core/Src/stm32f4xx_it.o
 .debug_rnglists
                0x00000000000001bd       0x13 ./Core/Src/sysmem.o
 .debug_rnglists
                0x00000000000001d0       0x1a ./Core/Src/system_stm32f4xx.o
 .debug_rnglists
                0x00000000000001ea       0x19 ./Core/Startup/startup_stm32f429zitx.o
 .debug_rnglists
                0x0000000000000203       0xbb ./Drivers/STM32F4xx_HAL_Driver/Src/stm32f4xx_hal.o
 .debug_rnglists
                0x00000000000002be       0xb5 ./Drivers/STM32F4xx_HAL_Driver/Src/stm32f4xx_hal_adc.o
 .debug_rnglists
                0x0000000000000373       0xce ./Drivers/STM32F4xx_HAL_Driver/Src/stm32f4xx_hal_cortex.o
 .debug_rnglists
                0x0000000000000441      0x17c ./Drivers/STM32F4xx_HAL_Driver/Src/stm32f4xx_hal_eth.o
 .debug_rnglists
                0x00000000000005bd       0x3f ./Drivers/STM32F4xx_HAL_Driver/Src/stm32f4xx_hal_gpio.o
 .debug_rnglists
                0x00000000000005fc      0x235 ./Drivers/STM32F4xx_HAL_Driver/Src/stm32f4xx_hal_i2c.o
 .debug_rnglists
                0x0000000000000831       0x19 ./Drivers/STM32F4xx_HAL_Driver/Src/stm32f4xx_hal_i2c_ex.o
 .debug_rnglists
                0x000000000000084a       0xfc ./Drivers/STM32F4xx_HAL_Driver/Src/stm32f4xx_hal_pcd.o
 .debug_rnglists
                0x0000000000000946       0x66 ./Drivers/STM32F4xx_HAL_Driver/Src/stm32f4xx_hal_rcc.o
 .debug_rnglists
                0x00000000000009ac      0x31a ./Drivers/STM32F4xx_HAL_Driver/Src/stm32f4xx_hal_tim.o
 .debug_rnglists
                0x0000000000000cc6      0x125 ./Drivers/STM32F4xx_HAL_Driver/Src/stm32f4xx_hal_tim_ex.o
 .debug_rnglists
                0x0000000000000deb      0x1b7 ./Drivers/STM32F4xx_HAL_Driver/Src/stm32f4xx_hal_uart.o
 .debug_rnglists
                0x0000000000000fa2      0x148 ./Drivers/STM32F4xx_HAL_Driver/Src/stm32f4xx_ll_usb.o

.debug_macro    0x0000000000000000    0x27a3c
 .debug_macro   0x0000000000000000      0x358 ./Core/Src/lcd.o
 .debug_macro   0x0000000000000358      0xaa8 ./Core/Src/lcd.o
 .debug_macro   0x0000000000000e00      0x2b3 ./Core/Src/lcd.o
 .debug_macro   0x00000000000010b3       0x2e ./Core/Src/lcd.o
 .debug_macro   0x00000000000010e1       0x28 ./Core/Src/lcd.o
 .debug_macro   0x0000000000001109       0x22 ./Core/Src/lcd.o
 .debug_macro   0x000000000000112b       0x8e ./Core/Src/lcd.o
 .debug_macro   0x00000000000011b9       0x51 ./Core/Src/lcd.o
 .debug_macro   0x000000000000120a      0x103 ./Core/Src/lcd.o
 .debug_macro   0x000000000000130d       0x6a ./Core/Src/lcd.o
 .debug_macro   0x0000000000001377      0x1df ./Core/Src/lcd.o
 .debug_macro   0x0000000000001556       0x1c ./Core/Src/lcd.o
 .debug_macro   0x0000000000001572       0x22 ./Core/Src/lcd.o
 .debug_macro   0x0000000000001594       0xd9 ./Core/Src/lcd.o
 .debug_macro   0x000000000000166d     0x102d ./Core/Src/lcd.o
 .debug_macro   0x000000000000269a      0x11f ./Core/Src/lcd.o
 .debug_macro   0x00000000000027b9    0x17fc0 ./Core/Src/lcd.o
 .debug_macro   0x000000000001a779       0x6d ./Core/Src/lcd.o
 .debug_macro   0x000000000001a7e6     0x36f5 ./Core/Src/lcd.o
 .debug_macro   0x000000000001dedb      0x174 ./Core/Src/lcd.o
 .debug_macro   0x000000000001e04f       0x5c ./Core/Src/lcd.o
 .debug_macro   0x000000000001e0ab      0xca5 ./Core/Src/lcd.o
 .debug_macro   0x000000000001ed50      0x9fe ./Core/Src/lcd.o
 .debug_macro   0x000000000001f74e      0x115 ./Core/Src/lcd.o
 .debug_macro   0x000000000001f863      0x156 ./Core/Src/lcd.o
 .debug_macro   0x000000000001f9b9       0xa5 ./Core/Src/lcd.o
 .debug_macro   0x000000000001fa5e      0x182 ./Core/Src/lcd.o
 .debug_macro   0x000000000001fbe0      0x287 ./Core/Src/lcd.o
 .debug_macro   0x000000000001fe67       0x5f ./Core/Src/lcd.o
 .debug_macro   0x000000000001fec6      0x236 ./Core/Src/lcd.o
 .debug_macro   0x00000000000200fc      0xb54 ./Core/Src/lcd.o
 .debug_macro   0x0000000000020c50      0x38b ./Core/Src/lcd.o
 .debug_macro   0x0000000000020fdb      0x184 ./Core/Src/lcd.o
 .debug_macro   0x000000000002115f       0xf9 ./Core/Src/lcd.o
 .debug_macro   0x0000000000021258      0xd44 ./Core/Src/lcd.o
 .debug_macro   0x0000000000021f9c      0x132 ./Core/Src/lcd.o
 .debug_macro   0x00000000000220ce      0x41d ./Core/Src/lcd.o
 .debug_macro   0x00000000000224eb       0x2e ./Core/Src/lcd.o
 .debug_macro   0x0000000000022519      0x1b5 ./Core/Src/lcd.o
 .debug_macro   0x00000000000226ce       0x22 ./Core/Src/lcd.o
 .debug_macro   0x00000000000226f0       0xd6 ./Core/Src/lcd.o
 .debug_macro   0x00000000000227c6      0x11a ./Core/Src/lcd.o
 .debug_macro   0x00000000000228e0       0xe2 ./Core/Src/lcd.o
 .debug_macro   0x00000000000229c2       0x89 ./Core/Src/lcd.o
 .debug_macro   0x0000000000022a4b      0x8e6 ./Core/Src/lcd.o
 .debug_macro   0x0000000000023331       0x47 ./Core/Src/lcd.o
 .debug_macro   0x0000000000023378      0x295 ./Core/Src/lcd.o
 .debug_macro   0x000000000002360d      0x248 ./Core/Src/lcd.o
 .debug_macro   0x0000000000023855       0xba ./Core/Src/lcd.o
 .debug_macro   0x000000000002390f      0x134 ./Core/Src/lcd.o
 .debug_macro   0x0000000000023a43       0x22 ./Core/Src/lcd.o
 .debug_macro   0x0000000000023a65       0x58 ./Core/Src/lcd.o
 .debug_macro   0x0000000000023abd       0x61 ./Core/Src/lcd.o
 .debug_macro   0x0000000000023b1e       0x2a ./Core/Src/lcd.o
 .debug_macro   0x0000000000023b48       0x43 ./Core/Src/lcd.o
 .debug_macro   0x0000000000023b8b       0x34 ./Core/Src/lcd.o
 .debug_macro   0x0000000000023bbf       0x16 ./Core/Src/lcd.o
 .debug_macro   0x0000000000023bd5       0x35 ./Core/Src/lcd.o
 .debug_macro   0x0000000000023c0a      0x369 ./Core/Src/lcd.o
 .debug_macro   0x0000000000023f73       0x16 ./Core/Src/lcd.o
 .debug_macro   0x0000000000023f89       0x43 ./Core/Src/lcd.o
 .debug_macro   0x0000000000023fcc       0x34 ./Core/Src/lcd.o
 .debug_macro   0x0000000000024000       0x10 ./Core/Src/lcd.o
 .debug_macro   0x0000000000024010       0x58 ./Core/Src/lcd.o
 .debug_macro   0x0000000000024068       0x8e ./Core/Src/lcd.o
 .debug_macro   0x00000000000240f6       0x1c ./Core/Src/lcd.o
 .debug_macro   0x0000000000024112      0x177 ./Core/Src/lcd.o
 .debug_macro   0x0000000000024289       0x16 ./Core/Src/lcd.o
 .debug_macro   0x000000000002429f       0x16 ./Core/Src/lcd.o
 .debug_macro   0x00000000000242b5      0x147 ./Core/Src/lcd.o
 .debug_macro   0x00000000000243fc      0x354 ./Core/Src/ldr.o
 .debug_macro   0x0000000000024750       0x10 ./Core/Src/ldr.o
 .debug_macro   0x0000000000024760       0x10 ./Core/Src/ldr.o
 .debug_macro   0x0000000000024770       0x16 ./Core/Src/ldr.o
 .debug_macro   0x0000000000024786       0x20 ./Core/Src/ldr.o
 .debug_macro   0x00000000000247a6      0x388 ./Core/Src/main.o
 .debug_macro   0x0000000000024b2e      0x130 ./Core/Src/main.o
 .debug_macro   0x0000000000024c5e       0x10 ./Core/Src/main.o
 .debug_macro   0x0000000000024c6e       0x16 ./Core/Src/main.o
 .debug_macro   0x0000000000024c84       0x16 ./Core/Src/main.o
 .debug_macro   0x0000000000024c9a       0x29 ./Core/Src/main.o
 .debug_macro   0x0000000000024cc3       0x16 ./Core/Src/main.o
 .debug_macro   0x0000000000024cd9       0x16 ./Core/Src/main.o
 .debug_macro   0x0000000000024cef      0x32a ./Core/Src/servo.o
 .debug_macro   0x0000000000025019      0x136 ./Core/Src/servo.o
 .debug_macro   0x000000000002514f      0x24c ./Core/Src/stm32f4xx_hal_msp.o
 .debug_macro   0x000000000002539b      0x256 ./Core/Src/stm32f4xx_it.o
 .debug_macro   0x00000000000255f1       0xff ./Core/Src/sysmem.o
 .debug_macro   0x00000000000256f0      0x23c ./Core/Src/sysmem.o
 .debug_macro   0x000000000002592c      0x23d ./Core/Src/system_stm32f4xx.o
 .debug_macro   0x0000000000025b69      0x29d ./Drivers/STM32F4xx_HAL_Driver/Src/stm32f4xx_hal.o
 .debug_macro   0x0000000000025e06      0x23e ./Drivers/STM32F4xx_HAL_Driver/Src/stm32f4xx_hal_adc.o
 .debug_macro   0x0000000000026044      0x23d ./Drivers/STM32F4xx_HAL_Driver/Src/stm32f4xx_hal_cortex.o
 .debug_macro   0x0000000000026281      0x317 ./Drivers/STM32F4xx_HAL_Driver/Src/stm32f4xx_hal_eth.o
 .debug_macro   0x0000000000026598      0x243 ./Drivers/STM32F4xx_HAL_Driver/Src/stm32f4xx_hal_gpio.o
 .debug_macro   0x00000000000267db      0x284 ./Drivers/STM32F4xx_HAL_Driver/Src/stm32f4xx_hal_i2c.o
 .debug_macro   0x0000000000026a5f      0x23d ./Drivers/STM32F4xx_HAL_Driver/Src/stm32f4xx_hal_i2c_ex.o
 .debug_macro   0x0000000000026c9c      0x249 ./Drivers/STM32F4xx_HAL_Driver/Src/stm32f4xx_hal_pcd.o
 .debug_macro   0x0000000000026ee5      0x261 ./Drivers/STM32F4xx_HAL_Driver/Src/stm32f4xx_hal_rcc.o
 .debug_macro   0x0000000000027146      0x23e ./Drivers/STM32F4xx_HAL_Driver/Src/stm32f4xx_hal_tim.o
 .debug_macro   0x0000000000027384      0x23d ./Drivers/STM32F4xx_HAL_Driver/Src/stm32f4xx_hal_tim_ex.o
 .debug_macro   0x00000000000275c1      0x23e ./Drivers/STM32F4xx_HAL_Driver/Src/stm32f4xx_hal_uart.o
 .debug_macro   0x00000000000277ff      0x23d ./Drivers/STM32F4xx_HAL_Driver/Src/stm32f4xx_ll_usb.o

.debug_line     0x0000000000000000    0x1a5be
 .debug_line    0x0000000000000000      0xb6f ./Core/Src/lcd.o
 .debug_line    0x0000000000000b6f      0xa3e ./Core/Src/ldr.o
 .debug_line    0x00000000000015ad      0xda6 ./Core/Src/main.o
 .debug_line    0x0000000000002353      0xaec ./Core/Src/servo.o
 .debug_line    0x0000000000002e3f      0xaa2 ./Core/Src/stm32f4xx_hal_msp.o
 .debug_line    0x00000000000038e1      0x8f7 ./Core/Src/stm32f4xx_it.o
 .debug_line    0x00000000000041d8      0x579 ./Core/Src/sysmem.o
 .debug_line    0x0000000000004751      0x89e ./Core/Src/system_stm32f4xx.o
 .debug_line    0x0000000000004fef       0x7a ./Core/Startup/startup_stm32f429zitx.o
 .debug_line    0x0000000000005069      0xb3a ./Drivers/STM32F4xx_HAL_Driver/Src/stm32f4xx_hal.o
 .debug_line    0x0000000000005ba3     0x1374 ./Drivers/STM32F4xx_HAL_Driver/Src/stm32f4xx_hal_adc.o
 .debug_line    0x0000000000006f17      0xdb3 ./Drivers/STM32F4xx_HAL_Driver/Src/stm32f4xx_hal_cortex.o
 .debug_line    0x0000000000007cca     0x1a73 ./Drivers/STM32F4xx_HAL_Driver/Src/stm32f4xx_hal_eth.o
 .debug_line    0x000000000000973d      0xca0 ./Drivers/STM32F4xx_HAL_Driver/Src/stm32f4xx_hal_gpio.o
 .debug_line    0x000000000000a3dd     0x3ac6 ./Drivers/STM32F4xx_HAL_Driver/Src/stm32f4xx_hal_i2c.o
 .debug_line    0x000000000000dea3      0x897 ./Drivers/STM32F4xx_HAL_Driver/Src/stm32f4xx_hal_i2c_ex.o
 .debug_line    0x000000000000e73a     0x15ab ./Drivers/STM32F4xx_HAL_Driver/Src/stm32f4xx_hal_pcd.o
 .debug_line    0x000000000000fce5      0xe7d ./Drivers/STM32F4xx_HAL_Driver/Src/stm32f4xx_hal_rcc.o
 .debug_line    0x0000000000010b62     0x37f0 ./Drivers/STM32F4xx_HAL_Driver/Src/stm32f4xx_hal_tim.o
 .debug_line    0x0000000000014352     0x1b01 ./Drivers/STM32F4xx_HAL_Driver/Src/stm32f4xx_hal_tim_ex.o
 .debug_line    0x0000000000015e53     0x2ba6 ./Drivers/STM32F4xx_HAL_Driver/Src/stm32f4xx_hal_uart.o
 .debug_line    0x00000000000189f9     0x1bc5 ./Drivers/STM32F4xx_HAL_Driver/Src/stm32f4xx_ll_usb.o

.debug_str      0x0000000000000000    0xf1e3b
 .debug_str     0x0000000000000000    0xea3f8 ./Core/Src/lcd.o
                                      0xea76a (size before relaxing)
 .debug_str     0x00000000000ea3f8      0x4a4 ./Core/Src/ldr.o
                                      0xea677 (size before relaxing)
 .debug_str     0x00000000000ea89c     0x1822 ./Core/Src/main.o
                                      0xebd26 (size before relaxing)
 .debug_str     0x00000000000ec0be       0xc0 ./Core/Src/servo.o
                                      0xea538 (size before relaxing)
 .debug_str     0x00000000000ec17e      0x6b8 ./Core/Src/stm32f4xx_hal_msp.o
                                      0xe8857 (size before relaxing)
 .debug_str     0x00000000000ec836       0xec ./Core/Src/stm32f4xx_it.o
                                      0xe7261 (size before relaxing)
 .debug_str     0x00000000000ec922      0x4dc ./Core/Src/sysmem.o
                                       0x6063 (size before relaxing)
 .debug_str     0x00000000000ecdfe       0xdb ./Core/Src/system_stm32f4xx.o
                                      0xe697f (size before relaxing)
 .debug_str     0x00000000000eced9       0x34 ./Core/Startup/startup_stm32f429zitx.o
                                         0x75 (size before relaxing)
 .debug_str     0x00000000000ecf0d      0x648 ./Drivers/STM32F4xx_HAL_Driver/Src/stm32f4xx_hal.o
                                      0xe75a2 (size before relaxing)
 .debug_str     0x00000000000ed555      0x272 ./Drivers/STM32F4xx_HAL_Driver/Src/stm32f4xx_hal_adc.o
                                      0xe6f59 (size before relaxing)
 .debug_str     0x00000000000ed7c7      0x321 ./Drivers/STM32F4xx_HAL_Driver/Src/stm32f4xx_hal_cortex.o
                                      0xe7287 (size before relaxing)
 .debug_str     0x00000000000edae8     0x11da ./Drivers/STM32F4xx_HAL_Driver/Src/stm32f4xx_hal_eth.o
                                      0xe820c (size before relaxing)
 .debug_str     0x00000000000eecc2       0xd0 ./Drivers/STM32F4xx_HAL_Driver/Src/stm32f4xx_hal_gpio.o